[2024-07-05T23:13:20.909+0000] {local_task_job_runner.py:120} INFO - ::group::Pre task execution logs
[2024-07-05T23:13:20.941+0000] {taskinstance.py:2076} INFO - Dependencies all met for dep_context=non-requeueable deps ti=<TaskInstance: Binance_ETL.extract_data manual__2024-07-05T23:13:17.372721+00:00 [queued]>
[2024-07-05T23:13:20.951+0000] {taskinstance.py:2076} INFO - Dependencies all met for dep_context=requeueable deps ti=<TaskInstance: Binance_ETL.extract_data manual__2024-07-05T23:13:17.372721+00:00 [queued]>
[2024-07-05T23:13:20.952+0000] {taskinstance.py:2306} INFO - Starting attempt 1 of 6
[2024-07-05T23:13:20.973+0000] {taskinstance.py:2330} INFO - Executing <Task(PythonOperator): extract_data> on 2024-07-05 23:13:17.372721+00:00
[2024-07-05T23:13:20.982+0000] {warnings.py:112} WARNING - /home/***/.local/lib/python3.12/site-packages/***/task/task_runner/standard_task_runner.py:61: DeprecationWarning: This process (pid=1081) is multi-threaded, use of fork() may lead to deadlocks in the child.
  pid = os.fork()

[2024-07-05T23:13:20.984+0000] {standard_task_runner.py:63} INFO - Started process 1084 to run task
[2024-07-05T23:13:20.985+0000] {standard_task_runner.py:90} INFO - Running: ['***', 'tasks', 'run', 'Binance_ETL', 'extract_data', 'manual__2024-07-05T23:13:17.372721+00:00', '--job-id', '89', '--raw', '--subdir', 'DAGS_FOLDER/main.py', '--cfg-path', '/tmp/tmpiw_i51oa']
[2024-07-05T23:13:20.996+0000] {standard_task_runner.py:91} INFO - Job 89: Subtask extract_data
[2024-07-05T23:13:21.058+0000] {task_command.py:426} INFO - Running <TaskInstance: Binance_ETL.extract_data manual__2024-07-05T23:13:17.372721+00:00 [running]> on host 857724e1ef46
[2024-07-05T23:13:21.190+0000] {taskinstance.py:2648} INFO - Exporting env vars: AIRFLOW_CTX_DAG_OWNER='Pabloing' AIRFLOW_CTX_DAG_ID='Binance_ETL' AIRFLOW_CTX_TASK_ID='extract_data' AIRFLOW_CTX_EXECUTION_DATE='2024-07-05T23:13:17.372721+00:00' AIRFLOW_CTX_TRY_NUMBER='1' AIRFLOW_CTX_DAG_RUN_ID='manual__2024-07-05T23:13:17.372721+00:00'
[2024-07-05T23:13:21.192+0000] {taskinstance.py:430} INFO - ::endgroup::
[2024-07-05T23:13:21.211+0000] {logging_mixin.py:188} INFO - exctract_data_execution
[2024-07-05T23:13:22.049+0000] {classes.py:23} INFO - the API connection has been established
[2024-07-05T23:13:22.778+0000] {logging_mixin.py:188} INFO - [[1720137600000, '57050.02000000', '57546.00000000', '53485.93000000', '56717.36000000', '80739.98311000', 1720223999999, '4480529763.49466950', 3714014, '37643.61448000', '2088622131.57662510', '0']]
[2024-07-05T23:13:22.811+0000] {logging_mixin.py:188} INFO -    open_time  open_price  ...              close_time   trades
0 2024-07-05    57050.02  ... 2024-07-05 23:59:59.999  3714014

[1 rows x 8 columns]
[2024-07-05T23:13:22.813+0000] {logging_mixin.py:188} INFO - Error in save_data: [Errno 13] Permission denied: 'raw_data/data.csv'
[2024-07-05T23:13:22.814+0000] {python.py:237} INFO - Done. Returned value was: None
[2024-07-05T23:13:22.815+0000] {taskinstance.py:441} INFO - ::group::Post task execution logs
[2024-07-05T23:13:22.829+0000] {taskinstance.py:1206} INFO - Marking task as SUCCESS. dag_id=Binance_ETL, task_id=extract_data, run_id=manual__2024-07-05T23:13:17.372721+00:00, execution_date=20240705T231317, start_date=20240705T231320, end_date=20240705T231322
[2024-07-05T23:13:22.889+0000] {local_task_job_runner.py:240} INFO - Task exited with return code 0
[2024-07-05T23:13:22.931+0000] {taskinstance.py:3503} INFO - 1 downstream tasks scheduled from follow-on schedule check
[2024-07-05T23:13:22.943+0000] {local_task_job_runner.py:222} INFO - ::endgroup::
