[2024-07-05T23:12:42.468+0000] {local_task_job_runner.py:120} INFO - ::group::Pre task execution logs
[2024-07-05T23:12:42.501+0000] {taskinstance.py:2076} INFO - Dependencies all met for dep_context=non-requeueable deps ti=<TaskInstance: Binance_ETL.transform_data manual__2024-07-05T23:12:33.489358+00:00 [queued]>
[2024-07-05T23:12:42.512+0000] {taskinstance.py:2076} INFO - Dependencies all met for dep_context=requeueable deps ti=<TaskInstance: Binance_ETL.transform_data manual__2024-07-05T23:12:33.489358+00:00 [queued]>
[2024-07-05T23:12:42.513+0000] {taskinstance.py:2306} INFO - Starting attempt 1 of 6
[2024-07-05T23:12:42.572+0000] {taskinstance.py:2330} INFO - Executing <Task(PythonOperator): transform_data> on 2024-07-05 23:12:33.489358+00:00
[2024-07-05T23:12:42.589+0000] {warnings.py:112} WARNING - /home/***/.local/lib/python3.12/site-packages/***/task/task_runner/standard_task_runner.py:61: DeprecationWarning: This process (pid=1065) is multi-threaded, use of fork() may lead to deadlocks in the child.
  pid = os.fork()

[2024-07-05T23:12:42.592+0000] {standard_task_runner.py:63} INFO - Started process 1068 to run task
[2024-07-05T23:12:42.592+0000] {standard_task_runner.py:90} INFO - Running: ['***', 'tasks', 'run', 'Binance_ETL', 'transform_data', 'manual__2024-07-05T23:12:33.489358+00:00', '--job-id', '87', '--raw', '--subdir', 'DAGS_FOLDER/main.py', '--cfg-path', '/tmp/tmpskvhgcqu']
[2024-07-05T23:12:42.596+0000] {standard_task_runner.py:91} INFO - Job 87: Subtask transform_data
[2024-07-05T23:12:42.650+0000] {task_command.py:426} INFO - Running <TaskInstance: Binance_ETL.transform_data manual__2024-07-05T23:12:33.489358+00:00 [running]> on host 857724e1ef46
[2024-07-05T23:12:42.829+0000] {taskinstance.py:2648} INFO - Exporting env vars: AIRFLOW_CTX_DAG_OWNER='Pabloing' AIRFLOW_CTX_DAG_ID='Binance_ETL' AIRFLOW_CTX_TASK_ID='transform_data' AIRFLOW_CTX_EXECUTION_DATE='2024-07-05T23:12:33.489358+00:00' AIRFLOW_CTX_TRY_NUMBER='1' AIRFLOW_CTX_DAG_RUN_ID='manual__2024-07-05T23:12:33.489358+00:00'
[2024-07-05T23:12:42.831+0000] {taskinstance.py:430} INFO - ::endgroup::
[2024-07-05T23:12:42.850+0000] {logging_mixin.py:188} INFO - transform_data_execution
[2024-07-05T23:12:42.851+0000] {logging_mixin.py:188} INFO - Error in get_data: [Errno 2] No such file or directory: '/raw_data/data.csv'
[2024-07-05T23:12:42.852+0000] {logging_mixin.py:188} INFO - None
[2024-07-05T23:12:42.852+0000] {classes.py:76} ERROR - Clean process has failed: 'NoneType' object has no attribute 'copy'
[2024-07-05T23:12:42.853+0000] {logging_mixin.py:188} INFO - Error in save_data: 'NoneType' object has no attribute 'to_csv'
[2024-07-05T23:12:42.853+0000] {logging_mixin.py:188} INFO - None
[2024-07-05T23:12:42.853+0000] {python.py:237} INFO - Done. Returned value was: None
[2024-07-05T23:12:42.854+0000] {taskinstance.py:441} INFO - ::group::Post task execution logs
[2024-07-05T23:12:42.865+0000] {taskinstance.py:1206} INFO - Marking task as SUCCESS. dag_id=Binance_ETL, task_id=transform_data, run_id=manual__2024-07-05T23:12:33.489358+00:00, execution_date=20240705T231233, start_date=20240705T231242, end_date=20240705T231242
[2024-07-05T23:12:42.967+0000] {local_task_job_runner.py:240} INFO - Task exited with return code 0
[2024-07-05T23:12:43.064+0000] {taskinstance.py:3503} INFO - 1 downstream tasks scheduled from follow-on schedule check
[2024-07-05T23:12:43.095+0000] {local_task_job_runner.py:222} INFO - ::endgroup::
