[2024-07-05T23:14:05.170+0000] {local_task_job_runner.py:120} INFO - ::group::Pre task execution logs
[2024-07-05T23:14:05.226+0000] {taskinstance.py:2076} INFO - Dependencies all met for dep_context=non-requeueable deps ti=<TaskInstance: Binance_ETL.transform_data manual__2024-07-05T23:13:56.581409+00:00 [queued]>
[2024-07-05T23:14:05.241+0000] {taskinstance.py:2076} INFO - Dependencies all met for dep_context=requeueable deps ti=<TaskInstance: Binance_ETL.transform_data manual__2024-07-05T23:13:56.581409+00:00 [queued]>
[2024-07-05T23:14:05.242+0000] {taskinstance.py:2306} INFO - Starting attempt 1 of 6
[2024-07-05T23:14:05.313+0000] {taskinstance.py:2330} INFO - Executing <Task(PythonOperator): transform_data> on 2024-07-05 23:13:56.581409+00:00
[2024-07-05T23:14:05.334+0000] {warnings.py:112} WARNING - /home/***/.local/lib/python3.12/site-packages/***/task/task_runner/standard_task_runner.py:61: DeprecationWarning: This process (pid=1111) is multi-threaded, use of fork() may lead to deadlocks in the child.
  pid = os.fork()

[2024-07-05T23:14:05.336+0000] {standard_task_runner.py:63} INFO - Started process 1114 to run task
[2024-07-05T23:14:05.340+0000] {standard_task_runner.py:90} INFO - Running: ['***', 'tasks', 'run', 'Binance_ETL', 'transform_data', 'manual__2024-07-05T23:13:56.581409+00:00', '--job-id', '93', '--raw', '--subdir', 'DAGS_FOLDER/main.py', '--cfg-path', '/tmp/tmp1unl2t4f']
[2024-07-05T23:14:05.343+0000] {standard_task_runner.py:91} INFO - Job 93: Subtask transform_data
[2024-07-05T23:14:05.425+0000] {task_command.py:426} INFO - Running <TaskInstance: Binance_ETL.transform_data manual__2024-07-05T23:13:56.581409+00:00 [running]> on host 857724e1ef46
[2024-07-05T23:14:05.573+0000] {taskinstance.py:2648} INFO - Exporting env vars: AIRFLOW_CTX_DAG_OWNER='Pabloing' AIRFLOW_CTX_DAG_ID='Binance_ETL' AIRFLOW_CTX_TASK_ID='transform_data' AIRFLOW_CTX_EXECUTION_DATE='2024-07-05T23:13:56.581409+00:00' AIRFLOW_CTX_TRY_NUMBER='1' AIRFLOW_CTX_DAG_RUN_ID='manual__2024-07-05T23:13:56.581409+00:00'
[2024-07-05T23:14:05.574+0000] {taskinstance.py:430} INFO - ::endgroup::
[2024-07-05T23:14:05.598+0000] {logging_mixin.py:188} INFO - transform_data_execution
[2024-07-05T23:14:05.625+0000] {logging_mixin.py:188} INFO -     open_time  open_price  ...               close_time   trades
0  2024-07-05    57050.02  ...  2024-07-05 23:59:59.999  3714709

[1 rows x 8 columns]
[2024-07-05T23:14:05.632+0000] {classes.py:73} INFO - Clean process has done
[2024-07-05T23:14:05.634+0000] {logging_mixin.py:188} INFO - Data saved
[2024-07-05T23:14:05.648+0000] {logging_mixin.py:188} INFO -     open_time  open_price  ...               close_time   trades
0  2024-07-05    57050.02  ...  2024-07-05 23:59:59.999  3714709

[1 rows x 8 columns]
[2024-07-05T23:14:05.648+0000] {python.py:237} INFO - Done. Returned value was: None
[2024-07-05T23:14:05.649+0000] {taskinstance.py:441} INFO - ::group::Post task execution logs
[2024-07-05T23:14:05.665+0000] {taskinstance.py:1206} INFO - Marking task as SUCCESS. dag_id=Binance_ETL, task_id=transform_data, run_id=manual__2024-07-05T23:13:56.581409+00:00, execution_date=20240705T231356, start_date=20240705T231405, end_date=20240705T231405
[2024-07-05T23:14:05.715+0000] {local_task_job_runner.py:240} INFO - Task exited with return code 0
[2024-07-05T23:14:05.744+0000] {taskinstance.py:3503} INFO - 1 downstream tasks scheduled from follow-on schedule check
[2024-07-05T23:14:05.746+0000] {local_task_job_runner.py:222} INFO - ::endgroup::
