[2024-07-05T23:12:36.776+0000] {local_task_job_runner.py:120} INFO - ::group::Pre task execution logs
[2024-07-05T23:12:36.810+0000] {taskinstance.py:2076} INFO - Dependencies all met for dep_context=non-requeueable deps ti=<TaskInstance: Binance_ETL.extract_data manual__2024-07-05T23:12:33.489358+00:00 [queued]>
[2024-07-05T23:12:36.821+0000] {taskinstance.py:2076} INFO - Dependencies all met for dep_context=requeueable deps ti=<TaskInstance: Binance_ETL.extract_data manual__2024-07-05T23:12:33.489358+00:00 [queued]>
[2024-07-05T23:12:36.821+0000] {taskinstance.py:2306} INFO - Starting attempt 1 of 6
[2024-07-05T23:12:36.876+0000] {taskinstance.py:2330} INFO - Executing <Task(PythonOperator): extract_data> on 2024-07-05 23:12:33.489358+00:00
[2024-07-05T23:12:36.895+0000] {warnings.py:112} WARNING - /home/***/.local/lib/python3.12/site-packages/***/task/task_runner/standard_task_runner.py:61: DeprecationWarning: This process (pid=1061) is multi-threaded, use of fork() may lead to deadlocks in the child.
  pid = os.fork()

[2024-07-05T23:12:36.897+0000] {standard_task_runner.py:63} INFO - Started process 1064 to run task
[2024-07-05T23:12:36.898+0000] {standard_task_runner.py:90} INFO - Running: ['***', 'tasks', 'run', 'Binance_ETL', 'extract_data', 'manual__2024-07-05T23:12:33.489358+00:00', '--job-id', '86', '--raw', '--subdir', 'DAGS_FOLDER/main.py', '--cfg-path', '/tmp/tmp9rouyg6f']
[2024-07-05T23:12:36.905+0000] {standard_task_runner.py:91} INFO - Job 86: Subtask extract_data
[2024-07-05T23:12:36.954+0000] {task_command.py:426} INFO - Running <TaskInstance: Binance_ETL.extract_data manual__2024-07-05T23:12:33.489358+00:00 [running]> on host 857724e1ef46
[2024-07-05T23:12:37.129+0000] {taskinstance.py:2648} INFO - Exporting env vars: AIRFLOW_CTX_DAG_OWNER='Pabloing' AIRFLOW_CTX_DAG_ID='Binance_ETL' AIRFLOW_CTX_TASK_ID='extract_data' AIRFLOW_CTX_EXECUTION_DATE='2024-07-05T23:12:33.489358+00:00' AIRFLOW_CTX_TRY_NUMBER='1' AIRFLOW_CTX_DAG_RUN_ID='manual__2024-07-05T23:12:33.489358+00:00'
[2024-07-05T23:12:37.131+0000] {taskinstance.py:430} INFO - ::endgroup::
[2024-07-05T23:12:37.154+0000] {logging_mixin.py:188} INFO - exctract_data_execution
[2024-07-05T23:12:37.917+0000] {classes.py:23} INFO - the API connection has been established
[2024-07-05T23:12:38.732+0000] {logging_mixin.py:188} INFO - [[1720137600000, '57050.02000000', '57546.00000000', '53485.93000000', '56702.01000000', '80738.37994000', 1720223999999, '4480438854.00894450', 3713749, '37642.66746000', '2088568429.27453520', '0']]
[2024-07-05T23:12:38.762+0000] {logging_mixin.py:188} INFO -    open_time  open_price  ...              close_time   trades
0 2024-07-05    57050.02  ... 2024-07-05 23:59:59.999  3713749

[1 rows x 8 columns]
[2024-07-05T23:12:38.768+0000] {logging_mixin.py:188} INFO - Error in save_data: Cannot save file into a non-existent directory: '/raw_data'
[2024-07-05T23:12:38.769+0000] {python.py:237} INFO - Done. Returned value was: None
[2024-07-05T23:12:38.770+0000] {taskinstance.py:441} INFO - ::group::Post task execution logs
[2024-07-05T23:12:38.783+0000] {taskinstance.py:1206} INFO - Marking task as SUCCESS. dag_id=Binance_ETL, task_id=extract_data, run_id=manual__2024-07-05T23:12:33.489358+00:00, execution_date=20240705T231233, start_date=20240705T231236, end_date=20240705T231238
[2024-07-05T23:12:38.844+0000] {local_task_job_runner.py:240} INFO - Task exited with return code 0
[2024-07-05T23:12:38.976+0000] {taskinstance.py:3503} INFO - 1 downstream tasks scheduled from follow-on schedule check
[2024-07-05T23:12:38.978+0000] {local_task_job_runner.py:222} INFO - ::endgroup::
