[2024-07-05T23:04:08.853+0000] {local_task_job_runner.py:120} INFO - ::group::Pre task execution logs
[2024-07-05T23:04:08.889+0000] {taskinstance.py:2076} INFO - Dependencies all met for dep_context=non-requeueable deps ti=<TaskInstance: Binance_ETL.load_data manual__2024-07-05T23:03:56.052430+00:00 [queued]>
[2024-07-05T23:04:08.905+0000] {taskinstance.py:2076} INFO - Dependencies all met for dep_context=requeueable deps ti=<TaskInstance: Binance_ETL.load_data manual__2024-07-05T23:03:56.052430+00:00 [queued]>
[2024-07-05T23:04:08.905+0000] {taskinstance.py:2306} INFO - Starting attempt 1 of 6
[2024-07-05T23:04:08.929+0000] {taskinstance.py:2330} INFO - Executing <Task(PythonOperator): load_data> on 2024-07-05 23:03:56.052430+00:00
[2024-07-05T23:04:08.940+0000] {warnings.py:112} WARNING - /home/***/.local/lib/python3.12/site-packages/***/task/task_runner/standard_task_runner.py:61: DeprecationWarning: This process (pid=906) is multi-threaded, use of fork() may lead to deadlocks in the child.
  pid = os.fork()

[2024-07-05T23:04:08.942+0000] {standard_task_runner.py:63} INFO - Started process 910 to run task
[2024-07-05T23:04:08.943+0000] {standard_task_runner.py:90} INFO - Running: ['***', 'tasks', 'run', 'Binance_ETL', 'load_data', 'manual__2024-07-05T23:03:56.052430+00:00', '--job-id', '81', '--raw', '--subdir', 'DAGS_FOLDER/main.py', '--cfg-path', '/tmp/tmp1rhj87rd']
[2024-07-05T23:04:08.952+0000] {standard_task_runner.py:91} INFO - Job 81: Subtask load_data
[2024-07-05T23:04:09.013+0000] {task_command.py:426} INFO - Running <TaskInstance: Binance_ETL.load_data manual__2024-07-05T23:03:56.052430+00:00 [running]> on host 857724e1ef46
[2024-07-05T23:04:09.146+0000] {taskinstance.py:2648} INFO - Exporting env vars: AIRFLOW_CTX_DAG_OWNER='Pabloing' AIRFLOW_CTX_DAG_ID='Binance_ETL' AIRFLOW_CTX_TASK_ID='load_data' AIRFLOW_CTX_EXECUTION_DATE='2024-07-05T23:03:56.052430+00:00' AIRFLOW_CTX_TRY_NUMBER='1' AIRFLOW_CTX_DAG_RUN_ID='manual__2024-07-05T23:03:56.052430+00:00'
[2024-07-05T23:04:09.148+0000] {taskinstance.py:430} INFO - ::endgroup::
[2024-07-05T23:04:09.168+0000] {logging_mixin.py:188} INFO - load_data_execution
[2024-07-05T23:04:09.183+0000] {classes.py:109} ERROR - Cant execute the load: 'NoneType' object has no attribute 'cursor'
[2024-07-05T23:04:09.183+0000] {logging_mixin.py:188} INFO - cambios
[2024-07-05T23:04:09.184+0000] {python.py:237} INFO - Done. Returned value was: None
[2024-07-05T23:04:09.184+0000] {taskinstance.py:441} INFO - ::group::Post task execution logs
[2024-07-05T23:04:09.195+0000] {taskinstance.py:1206} INFO - Marking task as SUCCESS. dag_id=Binance_ETL, task_id=load_data, run_id=manual__2024-07-05T23:03:56.052430+00:00, execution_date=20240705T230356, start_date=20240705T230408, end_date=20240705T230409
[2024-07-05T23:04:09.239+0000] {local_task_job_runner.py:240} INFO - Task exited with return code 0
[2024-07-05T23:04:09.309+0000] {taskinstance.py:3503} INFO - 0 downstream tasks scheduled from follow-on schedule check
[2024-07-05T23:04:09.320+0000] {local_task_job_runner.py:222} INFO - ::endgroup::
