[2024-07-05T22:44:09.585+0000] {local_task_job_runner.py:120} INFO - ::group::Pre task execution logs
[2024-07-05T22:44:09.622+0000] {taskinstance.py:2076} INFO - Dependencies all met for dep_context=non-requeueable deps ti=<TaskInstance: Binance_ETL.transform_data manual__2024-07-05T22:43:59.998955+00:00 [queued]>
[2024-07-05T22:44:09.635+0000] {taskinstance.py:2076} INFO - Dependencies all met for dep_context=requeueable deps ti=<TaskInstance: Binance_ETL.transform_data manual__2024-07-05T22:43:59.998955+00:00 [queued]>
[2024-07-05T22:44:09.636+0000] {taskinstance.py:2306} INFO - Starting attempt 1 of 6
[2024-07-05T22:44:09.670+0000] {taskinstance.py:2330} INFO - Executing <Task(PythonOperator): transform_data> on 2024-07-05 22:43:59.998955+00:00
[2024-07-05T22:44:09.685+0000] {warnings.py:112} WARNING - /home/***/.local/lib/python3.12/site-packages/***/task/task_runner/standard_task_runner.py:61: DeprecationWarning: This process (pid=600) is multi-threaded, use of fork() may lead to deadlocks in the child.
  pid = os.fork()

[2024-07-05T22:44:09.687+0000] {standard_task_runner.py:63} INFO - Started process 610 to run task
[2024-07-05T22:44:09.691+0000] {standard_task_runner.py:90} INFO - Running: ['***', 'tasks', 'run', 'Binance_ETL', 'transform_data', 'manual__2024-07-05T22:43:59.998955+00:00', '--job-id', '63', '--raw', '--subdir', 'DAGS_FOLDER/main.py', '--cfg-path', '/tmp/tmpklih0zjf']
[2024-07-05T22:44:09.695+0000] {standard_task_runner.py:91} INFO - Job 63: Subtask transform_data
[2024-07-05T22:44:09.769+0000] {task_command.py:426} INFO - Running <TaskInstance: Binance_ETL.transform_data manual__2024-07-05T22:43:59.998955+00:00 [running]> on host 857724e1ef46
[2024-07-05T22:44:09.925+0000] {taskinstance.py:2648} INFO - Exporting env vars: AIRFLOW_CTX_DAG_OWNER='Pabloing' AIRFLOW_CTX_DAG_ID='Binance_ETL' AIRFLOW_CTX_TASK_ID='transform_data' AIRFLOW_CTX_EXECUTION_DATE='2024-07-05T22:43:59.998955+00:00' AIRFLOW_CTX_TRY_NUMBER='1' AIRFLOW_CTX_DAG_RUN_ID='manual__2024-07-05T22:43:59.998955+00:00'
[2024-07-05T22:44:09.928+0000] {taskinstance.py:430} INFO - ::endgroup::
[2024-07-05T22:44:09.951+0000] {logging_mixin.py:188} INFO - transform_data_execution
[2024-07-05T22:44:09.953+0000] {logging_mixin.py:188} INFO - Error in get_raw_data: [Errno 2] No such file or directory: './raw_data/data.csv'
[2024-07-05T22:44:09.954+0000] {taskinstance.py:441} INFO - ::group::Post task execution logs
[2024-07-05T22:44:09.955+0000] {taskinstance.py:2905} ERROR - Task failed with exception
Traceback (most recent call last):
  File "/home/airflow/.local/lib/python3.12/site-packages/airflow/models/taskinstance.py", line 465, in _execute_task
    result = _execute_callable(context=context, **execute_callable_kwargs)
             ^^^^^^^^^^^^^^^^^^^^^^^^^^^^^^^^^^^^^^^^^^^^^^^^^^^^^^^^^^^^^
  File "/home/airflow/.local/lib/python3.12/site-packages/airflow/models/taskinstance.py", line 432, in _execute_callable
    return execute_callable(context=context, **execute_callable_kwargs)
           ^^^^^^^^^^^^^^^^^^^^^^^^^^^^^^^^^^^^^^^^^^^^^^^^^^^^^^^^^^^^
  File "/home/airflow/.local/lib/python3.12/site-packages/airflow/models/baseoperator.py", line 401, in wrapper
    return func(self, *args, **kwargs)
           ^^^^^^^^^^^^^^^^^^^^^^^^^^^
  File "/home/airflow/.local/lib/python3.12/site-packages/airflow/operators/python.py", line 235, in execute
    return_value = self.execute_callable()
                   ^^^^^^^^^^^^^^^^^^^^^^^
  File "/home/airflow/.local/lib/python3.12/site-packages/airflow/operators/python.py", line 252, in execute_callable
    return self.python_callable(*self.op_args, **self.op_kwargs)
           ^^^^^^^^^^^^^^^^^^^^^^^^^^^^^^^^^^^^^^^^^^^^^^^^^^^^^
  File "/opt/airflow/dags/utils.py", line 50, in transform_data
    clean_data = controller.clean(data)
                 ^^^^^^^^^^
NameError: name 'controller' is not defined
[2024-07-05T22:44:09.974+0000] {taskinstance.py:1206} INFO - Marking task as UP_FOR_RETRY. dag_id=Binance_ETL, task_id=transform_data, run_id=manual__2024-07-05T22:43:59.998955+00:00, execution_date=20240705T224359, start_date=20240705T224409, end_date=20240705T224409
[2024-07-05T22:44:09.992+0000] {standard_task_runner.py:110} ERROR - Failed to execute job 63 for task transform_data (name 'controller' is not defined; 610)
[2024-07-05T22:44:10.030+0000] {local_task_job_runner.py:240} INFO - Task exited with return code 1
[2024-07-05T22:44:10.072+0000] {taskinstance.py:3503} INFO - 0 downstream tasks scheduled from follow-on schedule check
[2024-07-05T22:44:10.084+0000] {local_task_job_runner.py:222} INFO - ::endgroup::
