[2024-07-05T23:04:23.735+0000] {local_task_job_runner.py:120} INFO - ::group::Pre task execution logs
[2024-07-05T23:04:23.768+0000] {taskinstance.py:2076} INFO - Dependencies all met for dep_context=non-requeueable deps ti=<TaskInstance: Binance_ETL.load_data manual__2024-07-05T22:43:59.998955+00:00 [queued]>
[2024-07-05T23:04:23.779+0000] {taskinstance.py:2076} INFO - Dependencies all met for dep_context=requeueable deps ti=<TaskInstance: Binance_ETL.load_data manual__2024-07-05T22:43:59.998955+00:00 [queued]>
[2024-07-05T23:04:23.779+0000] {taskinstance.py:2306} INFO - Starting attempt 3 of 6
[2024-07-05T23:04:23.806+0000] {taskinstance.py:2330} INFO - Executing <Task(PythonOperator): load_data> on 2024-07-05 22:43:59.998955+00:00
[2024-07-05T23:04:23.813+0000] {warnings.py:112} WARNING - /home/***/.local/lib/python3.12/site-packages/***/task/task_runner/standard_task_runner.py:61: DeprecationWarning: This process (pid=911) is multi-threaded, use of fork() may lead to deadlocks in the child.
  pid = os.fork()

[2024-07-05T23:04:23.815+0000] {standard_task_runner.py:63} INFO - Started process 914 to run task
[2024-07-05T23:04:23.815+0000] {standard_task_runner.py:90} INFO - Running: ['***', 'tasks', 'run', 'Binance_ETL', 'load_data', 'manual__2024-07-05T22:43:59.998955+00:00', '--job-id', '82', '--raw', '--subdir', 'DAGS_FOLDER/main.py', '--cfg-path', '/tmp/tmpqrgusa1h']
[2024-07-05T23:04:23.823+0000] {standard_task_runner.py:91} INFO - Job 82: Subtask load_data
[2024-07-05T23:04:23.871+0000] {task_command.py:426} INFO - Running <TaskInstance: Binance_ETL.load_data manual__2024-07-05T22:43:59.998955+00:00 [running]> on host 857724e1ef46
[2024-07-05T23:04:24.003+0000] {taskinstance.py:2648} INFO - Exporting env vars: AIRFLOW_CTX_DAG_OWNER='Pabloing' AIRFLOW_CTX_DAG_ID='Binance_ETL' AIRFLOW_CTX_TASK_ID='load_data' AIRFLOW_CTX_EXECUTION_DATE='2024-07-05T22:43:59.998955+00:00' AIRFLOW_CTX_TRY_NUMBER='3' AIRFLOW_CTX_DAG_RUN_ID='manual__2024-07-05T22:43:59.998955+00:00'
[2024-07-05T23:04:24.004+0000] {taskinstance.py:430} INFO - ::endgroup::
[2024-07-05T23:04:24.024+0000] {logging_mixin.py:188} INFO - load_data_execution
[2024-07-05T23:04:24.038+0000] {classes.py:109} ERROR - Cant execute the load: 'NoneType' object has no attribute 'cursor'
[2024-07-05T23:04:24.038+0000] {logging_mixin.py:188} INFO - cambios
[2024-07-05T23:04:24.039+0000] {python.py:237} INFO - Done. Returned value was: None
[2024-07-05T23:04:24.040+0000] {taskinstance.py:441} INFO - ::group::Post task execution logs
[2024-07-05T23:04:24.050+0000] {taskinstance.py:1206} INFO - Marking task as SUCCESS. dag_id=Binance_ETL, task_id=load_data, run_id=manual__2024-07-05T22:43:59.998955+00:00, execution_date=20240705T224359, start_date=20240705T230423, end_date=20240705T230424
[2024-07-05T23:04:24.109+0000] {local_task_job_runner.py:240} INFO - Task exited with return code 0
[2024-07-05T23:04:24.155+0000] {taskinstance.py:3503} INFO - 0 downstream tasks scheduled from follow-on schedule check
[2024-07-05T23:04:24.164+0000] {local_task_job_runner.py:222} INFO - ::endgroup::
