[2024-07-05T23:10:50.011+0000] {local_task_job_runner.py:120} INFO - ::group::Pre task execution logs
[2024-07-05T23:10:50.043+0000] {taskinstance.py:2076} INFO - Dependencies all met for dep_context=non-requeueable deps ti=<TaskInstance: Binance_ETL.extract_data manual__2024-07-05T23:10:47.490365+00:00 [queued]>
[2024-07-05T23:10:50.054+0000] {taskinstance.py:2076} INFO - Dependencies all met for dep_context=requeueable deps ti=<TaskInstance: Binance_ETL.extract_data manual__2024-07-05T23:10:47.490365+00:00 [queued]>
[2024-07-05T23:10:50.054+0000] {taskinstance.py:2306} INFO - Starting attempt 1 of 6
[2024-07-05T23:10:50.087+0000] {taskinstance.py:2330} INFO - Executing <Task(PythonOperator): extract_data> on 2024-07-05 23:10:47.490365+00:00
[2024-07-05T23:10:50.095+0000] {warnings.py:112} WARNING - /home/***/.local/lib/python3.12/site-packages/***/task/task_runner/standard_task_runner.py:61: DeprecationWarning: This process (pid=1010) is multi-threaded, use of fork() may lead to deadlocks in the child.
  pid = os.fork()

[2024-07-05T23:10:50.097+0000] {standard_task_runner.py:63} INFO - Started process 1013 to run task
[2024-07-05T23:10:50.097+0000] {standard_task_runner.py:90} INFO - Running: ['***', 'tasks', 'run', 'Binance_ETL', 'extract_data', 'manual__2024-07-05T23:10:47.490365+00:00', '--job-id', '83', '--raw', '--subdir', 'DAGS_FOLDER/main.py', '--cfg-path', '/tmp/tmpypwr4rha']
[2024-07-05T23:10:50.104+0000] {standard_task_runner.py:91} INFO - Job 83: Subtask extract_data
[2024-07-05T23:10:50.154+0000] {task_command.py:426} INFO - Running <TaskInstance: Binance_ETL.extract_data manual__2024-07-05T23:10:47.490365+00:00 [running]> on host 857724e1ef46
[2024-07-05T23:10:50.290+0000] {taskinstance.py:2648} INFO - Exporting env vars: AIRFLOW_CTX_DAG_OWNER='Pabloing' AIRFLOW_CTX_DAG_ID='Binance_ETL' AIRFLOW_CTX_TASK_ID='extract_data' AIRFLOW_CTX_EXECUTION_DATE='2024-07-05T23:10:47.490365+00:00' AIRFLOW_CTX_TRY_NUMBER='1' AIRFLOW_CTX_DAG_RUN_ID='manual__2024-07-05T23:10:47.490365+00:00'
[2024-07-05T23:10:50.292+0000] {taskinstance.py:430} INFO - ::endgroup::
[2024-07-05T23:10:50.315+0000] {logging_mixin.py:188} INFO - exctract_data_execution
[2024-07-05T23:10:51.012+0000] {classes.py:23} INFO - the API connection has been established
[2024-07-05T23:10:51.826+0000] {logging_mixin.py:188} INFO - [[1720137600000, '57050.02000000', '57546.00000000', '53485.93000000', '56676.12000000', '80717.72283000', 1720223999999, '4479267324.91126510', 3712318, '37631.07238000', '2087910873.44874700', '0']]
[2024-07-05T23:10:51.882+0000] {logging_mixin.py:188} INFO -    open_time  open_price  ...              close_time   trades
0 2024-07-05    57050.02  ... 2024-07-05 23:59:59.999  3712318

[1 rows x 8 columns]
[2024-07-05T23:10:51.884+0000] {logging_mixin.py:188} INFO - Error in save_data: [Errno 13] Permission denied: 'raw_data/data.csv'
[2024-07-05T23:10:51.885+0000] {python.py:237} INFO - Done. Returned value was: None
[2024-07-05T23:10:51.885+0000] {taskinstance.py:441} INFO - ::group::Post task execution logs
[2024-07-05T23:10:51.901+0000] {taskinstance.py:1206} INFO - Marking task as SUCCESS. dag_id=Binance_ETL, task_id=extract_data, run_id=manual__2024-07-05T23:10:47.490365+00:00, execution_date=20240705T231047, start_date=20240705T231050, end_date=20240705T231051
[2024-07-05T23:10:51.957+0000] {local_task_job_runner.py:240} INFO - Task exited with return code 0
[2024-07-05T23:10:51.999+0000] {taskinstance.py:3503} INFO - 1 downstream tasks scheduled from follow-on schedule check
[2024-07-05T23:10:52.025+0000] {local_task_job_runner.py:222} INFO - ::endgroup::
