[2024-07-04T02:09:10.340+0000] {processor.py:161} INFO - Started process (PID=55) to work on /opt/airflow/dags/main.py
[2024-07-04T02:09:10.341+0000] {processor.py:830} INFO - Processing file /opt/airflow/dags/main.py for tasks to queue
[2024-07-04T02:09:10.343+0000] {logging_mixin.py:188} INFO - [2024-07-04T02:09:10.343+0000] {dagbag.py:545} INFO - Filling up the DagBag from /opt/airflow/dags/main.py
[2024-07-04T02:09:11.917+0000] {processor.py:840} INFO - DAG(s) 'Binance_ETL' retrieved from /opt/airflow/dags/main.py
[2024-07-04T02:09:12.204+0000] {logging_mixin.py:188} INFO - [2024-07-04T02:09:12.203+0000] {dag.py:3096} INFO - Sync 1 DAGs
[2024-07-04T02:09:12.242+0000] {logging_mixin.py:188} INFO - [2024-07-04T02:09:12.242+0000] {dag.py:3954} INFO - Setting next_dagrun for Binance_ETL to 2024-07-03 00:00:00+00:00, run_after=2024-07-04 00:00:00+00:00
[2024-07-04T02:09:12.273+0000] {processor.py:183} INFO - Processing /opt/airflow/dags/main.py took 1.944 seconds
[2024-07-04T02:09:42.482+0000] {processor.py:161} INFO - Started process (PID=64) to work on /opt/airflow/dags/main.py
[2024-07-04T02:09:42.486+0000] {processor.py:830} INFO - Processing file /opt/airflow/dags/main.py for tasks to queue
[2024-07-04T02:09:42.488+0000] {logging_mixin.py:188} INFO - [2024-07-04T02:09:42.488+0000] {dagbag.py:545} INFO - Filling up the DagBag from /opt/airflow/dags/main.py
[2024-07-04T02:09:43.509+0000] {processor.py:840} INFO - DAG(s) 'Binance_ETL' retrieved from /opt/airflow/dags/main.py
[2024-07-04T02:09:43.535+0000] {logging_mixin.py:188} INFO - [2024-07-04T02:09:43.535+0000] {dag.py:3096} INFO - Sync 1 DAGs
[2024-07-04T02:09:43.557+0000] {logging_mixin.py:188} INFO - [2024-07-04T02:09:43.557+0000] {dag.py:3954} INFO - Setting next_dagrun for Binance_ETL to 2024-07-03 00:00:00+00:00, run_after=2024-07-04 00:00:00+00:00
[2024-07-04T02:09:43.587+0000] {processor.py:183} INFO - Processing /opt/airflow/dags/main.py took 1.112 seconds
[2024-07-04T02:10:13.819+0000] {processor.py:161} INFO - Started process (PID=73) to work on /opt/airflow/dags/main.py
[2024-07-04T02:10:13.822+0000] {processor.py:830} INFO - Processing file /opt/airflow/dags/main.py for tasks to queue
[2024-07-04T02:10:13.824+0000] {logging_mixin.py:188} INFO - [2024-07-04T02:10:13.824+0000] {dagbag.py:545} INFO - Filling up the DagBag from /opt/airflow/dags/main.py
[2024-07-04T02:10:14.932+0000] {processor.py:840} INFO - DAG(s) 'Binance_ETL' retrieved from /opt/airflow/dags/main.py
[2024-07-04T02:10:14.973+0000] {logging_mixin.py:188} INFO - [2024-07-04T02:10:14.973+0000] {dag.py:3096} INFO - Sync 1 DAGs
[2024-07-04T02:10:14.999+0000] {logging_mixin.py:188} INFO - [2024-07-04T02:10:14.998+0000] {dag.py:3954} INFO - Setting next_dagrun for Binance_ETL to 2024-07-03 00:00:00+00:00, run_after=2024-07-04 00:00:00+00:00
[2024-07-04T02:10:15.030+0000] {processor.py:183} INFO - Processing /opt/airflow/dags/main.py took 1.219 seconds
[2024-07-04T02:10:45.290+0000] {processor.py:161} INFO - Started process (PID=88) to work on /opt/airflow/dags/main.py
[2024-07-04T02:10:45.304+0000] {processor.py:830} INFO - Processing file /opt/airflow/dags/main.py for tasks to queue
[2024-07-04T02:10:45.311+0000] {logging_mixin.py:188} INFO - [2024-07-04T02:10:45.310+0000] {dagbag.py:545} INFO - Filling up the DagBag from /opt/airflow/dags/main.py
[2024-07-04T02:10:46.422+0000] {processor.py:840} INFO - DAG(s) 'Binance_ETL' retrieved from /opt/airflow/dags/main.py
[2024-07-04T02:10:46.455+0000] {logging_mixin.py:188} INFO - [2024-07-04T02:10:46.454+0000] {dag.py:3096} INFO - Sync 1 DAGs
[2024-07-04T02:10:46.487+0000] {logging_mixin.py:188} INFO - [2024-07-04T02:10:46.487+0000] {dag.py:3954} INFO - Setting next_dagrun for Binance_ETL to 2024-07-03 00:00:00+00:00, run_after=2024-07-04 00:00:00+00:00
[2024-07-04T02:10:46.523+0000] {processor.py:183} INFO - Processing /opt/airflow/dags/main.py took 1.259 seconds
[2024-07-04T02:11:16.752+0000] {processor.py:161} INFO - Started process (PID=97) to work on /opt/airflow/dags/main.py
[2024-07-04T02:11:16.770+0000] {processor.py:830} INFO - Processing file /opt/airflow/dags/main.py for tasks to queue
[2024-07-04T02:11:16.772+0000] {logging_mixin.py:188} INFO - [2024-07-04T02:11:16.771+0000] {dagbag.py:545} INFO - Filling up the DagBag from /opt/airflow/dags/main.py
[2024-07-04T02:11:17.831+0000] {processor.py:840} INFO - DAG(s) 'Binance_ETL' retrieved from /opt/airflow/dags/main.py
[2024-07-04T02:11:17.861+0000] {logging_mixin.py:188} INFO - [2024-07-04T02:11:17.860+0000] {dag.py:3096} INFO - Sync 1 DAGs
[2024-07-04T02:11:17.886+0000] {logging_mixin.py:188} INFO - [2024-07-04T02:11:17.886+0000] {dag.py:3954} INFO - Setting next_dagrun for Binance_ETL to 2024-07-03 00:00:00+00:00, run_after=2024-07-04 00:00:00+00:00
[2024-07-04T02:11:17.905+0000] {processor.py:183} INFO - Processing /opt/airflow/dags/main.py took 1.162 seconds
[2024-07-04T02:11:47.973+0000] {processor.py:161} INFO - Started process (PID=107) to work on /opt/airflow/dags/main.py
[2024-07-04T02:11:47.986+0000] {processor.py:830} INFO - Processing file /opt/airflow/dags/main.py for tasks to queue
[2024-07-04T02:11:47.988+0000] {logging_mixin.py:188} INFO - [2024-07-04T02:11:47.988+0000] {dagbag.py:545} INFO - Filling up the DagBag from /opt/airflow/dags/main.py
[2024-07-04T02:11:49.139+0000] {processor.py:840} INFO - DAG(s) 'Binance_ETL' retrieved from /opt/airflow/dags/main.py
[2024-07-04T02:11:49.166+0000] {logging_mixin.py:188} INFO - [2024-07-04T02:11:49.165+0000] {dag.py:3096} INFO - Sync 1 DAGs
[2024-07-04T02:11:49.190+0000] {logging_mixin.py:188} INFO - [2024-07-04T02:11:49.189+0000] {dag.py:3954} INFO - Setting next_dagrun for Binance_ETL to 2024-07-03 00:00:00+00:00, run_after=2024-07-04 00:00:00+00:00
[2024-07-04T02:11:49.217+0000] {processor.py:183} INFO - Processing /opt/airflow/dags/main.py took 1.258 seconds
[2024-07-04T02:12:19.338+0000] {processor.py:161} INFO - Started process (PID=116) to work on /opt/airflow/dags/main.py
[2024-07-04T02:12:19.351+0000] {processor.py:830} INFO - Processing file /opt/airflow/dags/main.py for tasks to queue
[2024-07-04T02:12:19.354+0000] {logging_mixin.py:188} INFO - [2024-07-04T02:12:19.354+0000] {dagbag.py:545} INFO - Filling up the DagBag from /opt/airflow/dags/main.py
[2024-07-04T02:12:20.462+0000] {processor.py:840} INFO - DAG(s) 'Binance_ETL' retrieved from /opt/airflow/dags/main.py
[2024-07-04T02:12:20.492+0000] {logging_mixin.py:188} INFO - [2024-07-04T02:12:20.491+0000] {dag.py:3096} INFO - Sync 1 DAGs
[2024-07-04T02:12:20.517+0000] {logging_mixin.py:188} INFO - [2024-07-04T02:12:20.517+0000] {dag.py:3954} INFO - Setting next_dagrun for Binance_ETL to 2024-07-03 00:00:00+00:00, run_after=2024-07-04 00:00:00+00:00
[2024-07-04T02:12:20.541+0000] {processor.py:183} INFO - Processing /opt/airflow/dags/main.py took 1.220 seconds
[2024-07-04T02:12:50.611+0000] {processor.py:161} INFO - Started process (PID=125) to work on /opt/airflow/dags/main.py
[2024-07-04T02:12:50.612+0000] {processor.py:830} INFO - Processing file /opt/airflow/dags/main.py for tasks to queue
[2024-07-04T02:12:50.614+0000] {logging_mixin.py:188} INFO - [2024-07-04T02:12:50.614+0000] {dagbag.py:545} INFO - Filling up the DagBag from /opt/airflow/dags/main.py
[2024-07-04T02:12:51.625+0000] {processor.py:840} INFO - DAG(s) 'Binance_ETL' retrieved from /opt/airflow/dags/main.py
[2024-07-04T02:12:51.650+0000] {logging_mixin.py:188} INFO - [2024-07-04T02:12:51.649+0000] {dag.py:3096} INFO - Sync 1 DAGs
[2024-07-04T02:12:51.670+0000] {logging_mixin.py:188} INFO - [2024-07-04T02:12:51.670+0000] {dag.py:3954} INFO - Setting next_dagrun for Binance_ETL to 2024-07-03 00:00:00+00:00, run_after=2024-07-04 00:00:00+00:00
[2024-07-04T02:12:51.689+0000] {processor.py:183} INFO - Processing /opt/airflow/dags/main.py took 1.084 seconds
[2024-07-04T02:13:21.835+0000] {processor.py:161} INFO - Started process (PID=134) to work on /opt/airflow/dags/main.py
[2024-07-04T02:13:21.846+0000] {processor.py:830} INFO - Processing file /opt/airflow/dags/main.py for tasks to queue
[2024-07-04T02:13:21.848+0000] {logging_mixin.py:188} INFO - [2024-07-04T02:13:21.848+0000] {dagbag.py:545} INFO - Filling up the DagBag from /opt/airflow/dags/main.py
[2024-07-04T02:13:22.850+0000] {processor.py:840} INFO - DAG(s) 'Binance_ETL' retrieved from /opt/airflow/dags/main.py
[2024-07-04T02:13:22.874+0000] {logging_mixin.py:188} INFO - [2024-07-04T02:13:22.874+0000] {dag.py:3096} INFO - Sync 1 DAGs
[2024-07-04T02:13:22.901+0000] {logging_mixin.py:188} INFO - [2024-07-04T02:13:22.900+0000] {dag.py:3954} INFO - Setting next_dagrun for Binance_ETL to 2024-07-03 00:00:00+00:00, run_after=2024-07-04 00:00:00+00:00
[2024-07-04T02:13:22.927+0000] {processor.py:183} INFO - Processing /opt/airflow/dags/main.py took 1.100 seconds
[2024-07-04T02:13:53.117+0000] {processor.py:161} INFO - Started process (PID=143) to work on /opt/airflow/dags/main.py
[2024-07-04T02:13:53.254+0000] {processor.py:830} INFO - Processing file /opt/airflow/dags/main.py for tasks to queue
[2024-07-04T02:13:53.257+0000] {logging_mixin.py:188} INFO - [2024-07-04T02:13:53.257+0000] {dagbag.py:545} INFO - Filling up the DagBag from /opt/airflow/dags/main.py
[2024-07-04T02:13:54.346+0000] {processor.py:840} INFO - DAG(s) 'Binance_ETL' retrieved from /opt/airflow/dags/main.py
[2024-07-04T02:13:54.385+0000] {logging_mixin.py:188} INFO - [2024-07-04T02:13:54.384+0000] {dag.py:3096} INFO - Sync 1 DAGs
[2024-07-04T02:13:54.416+0000] {logging_mixin.py:188} INFO - [2024-07-04T02:13:54.415+0000] {dag.py:3954} INFO - Setting next_dagrun for Binance_ETL to 2024-07-03 00:00:00+00:00, run_after=2024-07-04 00:00:00+00:00
[2024-07-04T02:13:54.441+0000] {processor.py:183} INFO - Processing /opt/airflow/dags/main.py took 1.335 seconds
[2024-07-04T02:14:24.694+0000] {processor.py:161} INFO - Started process (PID=152) to work on /opt/airflow/dags/main.py
[2024-07-04T02:14:24.709+0000] {processor.py:830} INFO - Processing file /opt/airflow/dags/main.py for tasks to queue
[2024-07-04T02:14:24.713+0000] {logging_mixin.py:188} INFO - [2024-07-04T02:14:24.712+0000] {dagbag.py:545} INFO - Filling up the DagBag from /opt/airflow/dags/main.py
[2024-07-04T02:14:25.711+0000] {processor.py:840} INFO - DAG(s) 'Binance_ETL' retrieved from /opt/airflow/dags/main.py
[2024-07-04T02:14:25.734+0000] {logging_mixin.py:188} INFO - [2024-07-04T02:14:25.733+0000] {dag.py:3096} INFO - Sync 1 DAGs
[2024-07-04T02:14:25.754+0000] {logging_mixin.py:188} INFO - [2024-07-04T02:14:25.754+0000] {dag.py:3954} INFO - Setting next_dagrun for Binance_ETL to 2024-07-03 00:00:00+00:00, run_after=2024-07-04 00:00:00+00:00
[2024-07-04T02:14:25.775+0000] {processor.py:183} INFO - Processing /opt/airflow/dags/main.py took 1.105 seconds
[2024-07-04T02:14:55.890+0000] {processor.py:161} INFO - Started process (PID=161) to work on /opt/airflow/dags/main.py
[2024-07-04T02:14:55.904+0000] {processor.py:830} INFO - Processing file /opt/airflow/dags/main.py for tasks to queue
[2024-07-04T02:14:55.906+0000] {logging_mixin.py:188} INFO - [2024-07-04T02:14:55.905+0000] {dagbag.py:545} INFO - Filling up the DagBag from /opt/airflow/dags/main.py
[2024-07-04T02:14:56.876+0000] {processor.py:840} INFO - DAG(s) 'Binance_ETL' retrieved from /opt/airflow/dags/main.py
[2024-07-04T02:14:56.901+0000] {logging_mixin.py:188} INFO - [2024-07-04T02:14:56.901+0000] {dag.py:3096} INFO - Sync 1 DAGs
[2024-07-04T02:14:56.924+0000] {logging_mixin.py:188} INFO - [2024-07-04T02:14:56.924+0000] {dag.py:3954} INFO - Setting next_dagrun for Binance_ETL to 2024-07-03 00:00:00+00:00, run_after=2024-07-04 00:00:00+00:00
[2024-07-04T02:14:56.955+0000] {processor.py:183} INFO - Processing /opt/airflow/dags/main.py took 1.073 seconds
[2024-07-04T02:15:27.125+0000] {processor.py:161} INFO - Started process (PID=170) to work on /opt/airflow/dags/main.py
[2024-07-04T02:15:27.139+0000] {processor.py:830} INFO - Processing file /opt/airflow/dags/main.py for tasks to queue
[2024-07-04T02:15:27.141+0000] {logging_mixin.py:188} INFO - [2024-07-04T02:15:27.141+0000] {dagbag.py:545} INFO - Filling up the DagBag from /opt/airflow/dags/main.py
[2024-07-04T02:15:28.113+0000] {processor.py:840} INFO - DAG(s) 'Binance_ETL' retrieved from /opt/airflow/dags/main.py
[2024-07-04T02:15:28.141+0000] {logging_mixin.py:188} INFO - [2024-07-04T02:15:28.140+0000] {dag.py:3096} INFO - Sync 1 DAGs
[2024-07-04T02:15:28.164+0000] {logging_mixin.py:188} INFO - [2024-07-04T02:15:28.164+0000] {dag.py:3954} INFO - Setting next_dagrun for Binance_ETL to 2024-07-03 00:00:00+00:00, run_after=2024-07-04 00:00:00+00:00
[2024-07-04T02:15:28.195+0000] {processor.py:183} INFO - Processing /opt/airflow/dags/main.py took 1.079 seconds
[2024-07-04T02:15:58.393+0000] {processor.py:161} INFO - Started process (PID=179) to work on /opt/airflow/dags/main.py
[2024-07-04T02:15:58.397+0000] {processor.py:830} INFO - Processing file /opt/airflow/dags/main.py for tasks to queue
[2024-07-04T02:15:58.400+0000] {logging_mixin.py:188} INFO - [2024-07-04T02:15:58.400+0000] {dagbag.py:545} INFO - Filling up the DagBag from /opt/airflow/dags/main.py
[2024-07-04T02:15:59.345+0000] {processor.py:840} INFO - DAG(s) 'Binance_ETL' retrieved from /opt/airflow/dags/main.py
[2024-07-04T02:15:59.369+0000] {logging_mixin.py:188} INFO - [2024-07-04T02:15:59.368+0000] {dag.py:3096} INFO - Sync 1 DAGs
[2024-07-04T02:15:59.392+0000] {logging_mixin.py:188} INFO - [2024-07-04T02:15:59.392+0000] {dag.py:3954} INFO - Setting next_dagrun for Binance_ETL to 2024-07-03 00:00:00+00:00, run_after=2024-07-04 00:00:00+00:00
[2024-07-04T02:15:59.410+0000] {processor.py:183} INFO - Processing /opt/airflow/dags/main.py took 1.032 seconds
[2024-07-04T02:16:29.661+0000] {processor.py:161} INFO - Started process (PID=188) to work on /opt/airflow/dags/main.py
[2024-07-04T02:16:29.662+0000] {processor.py:830} INFO - Processing file /opt/airflow/dags/main.py for tasks to queue
[2024-07-04T02:16:29.664+0000] {logging_mixin.py:188} INFO - [2024-07-04T02:16:29.663+0000] {dagbag.py:545} INFO - Filling up the DagBag from /opt/airflow/dags/main.py
[2024-07-04T02:16:30.687+0000] {processor.py:840} INFO - DAG(s) 'Binance_ETL' retrieved from /opt/airflow/dags/main.py
[2024-07-04T02:16:30.710+0000] {logging_mixin.py:188} INFO - [2024-07-04T02:16:30.710+0000] {dag.py:3096} INFO - Sync 1 DAGs
[2024-07-04T02:16:30.730+0000] {logging_mixin.py:188} INFO - [2024-07-04T02:16:30.730+0000] {dag.py:3954} INFO - Setting next_dagrun for Binance_ETL to 2024-07-03 00:00:00+00:00, run_after=2024-07-04 00:00:00+00:00
[2024-07-04T02:16:30.751+0000] {processor.py:183} INFO - Processing /opt/airflow/dags/main.py took 1.099 seconds
[2024-07-04T02:17:00.882+0000] {processor.py:161} INFO - Started process (PID=197) to work on /opt/airflow/dags/main.py
[2024-07-04T02:17:00.896+0000] {processor.py:830} INFO - Processing file /opt/airflow/dags/main.py for tasks to queue
[2024-07-04T02:17:00.898+0000] {logging_mixin.py:188} INFO - [2024-07-04T02:17:00.898+0000] {dagbag.py:545} INFO - Filling up the DagBag from /opt/airflow/dags/main.py
[2024-07-04T02:17:01.962+0000] {processor.py:840} INFO - DAG(s) 'Binance_ETL' retrieved from /opt/airflow/dags/main.py
[2024-07-04T02:17:01.991+0000] {logging_mixin.py:188} INFO - [2024-07-04T02:17:01.991+0000] {dag.py:3096} INFO - Sync 1 DAGs
[2024-07-04T02:17:02.014+0000] {logging_mixin.py:188} INFO - [2024-07-04T02:17:02.013+0000] {dag.py:3954} INFO - Setting next_dagrun for Binance_ETL to 2024-07-03 00:00:00+00:00, run_after=2024-07-04 00:00:00+00:00
[2024-07-04T02:17:02.037+0000] {processor.py:183} INFO - Processing /opt/airflow/dags/main.py took 1.163 seconds
[2024-07-04T02:17:32.221+0000] {processor.py:161} INFO - Started process (PID=206) to work on /opt/airflow/dags/main.py
[2024-07-04T02:17:32.224+0000] {processor.py:830} INFO - Processing file /opt/airflow/dags/main.py for tasks to queue
[2024-07-04T02:17:32.227+0000] {logging_mixin.py:188} INFO - [2024-07-04T02:17:32.226+0000] {dagbag.py:545} INFO - Filling up the DagBag from /opt/airflow/dags/main.py
[2024-07-04T02:17:33.479+0000] {processor.py:840} INFO - DAG(s) 'Binance_ETL' retrieved from /opt/airflow/dags/main.py
[2024-07-04T02:17:33.504+0000] {logging_mixin.py:188} INFO - [2024-07-04T02:17:33.504+0000] {dag.py:3096} INFO - Sync 1 DAGs
[2024-07-04T02:17:33.525+0000] {logging_mixin.py:188} INFO - [2024-07-04T02:17:33.525+0000] {dag.py:3954} INFO - Setting next_dagrun for Binance_ETL to 2024-07-03 00:00:00+00:00, run_after=2024-07-04 00:00:00+00:00
[2024-07-04T02:17:33.576+0000] {processor.py:183} INFO - Processing /opt/airflow/dags/main.py took 1.365 seconds
[2024-07-04T02:18:03.811+0000] {processor.py:161} INFO - Started process (PID=215) to work on /opt/airflow/dags/main.py
[2024-07-04T02:18:03.826+0000] {processor.py:830} INFO - Processing file /opt/airflow/dags/main.py for tasks to queue
[2024-07-04T02:18:03.828+0000] {logging_mixin.py:188} INFO - [2024-07-04T02:18:03.828+0000] {dagbag.py:545} INFO - Filling up the DagBag from /opt/airflow/dags/main.py
[2024-07-04T02:18:04.834+0000] {processor.py:840} INFO - DAG(s) 'Binance_ETL' retrieved from /opt/airflow/dags/main.py
[2024-07-04T02:18:04.858+0000] {logging_mixin.py:188} INFO - [2024-07-04T02:18:04.858+0000] {dag.py:3096} INFO - Sync 1 DAGs
[2024-07-04T02:18:04.881+0000] {logging_mixin.py:188} INFO - [2024-07-04T02:18:04.880+0000] {dag.py:3954} INFO - Setting next_dagrun for Binance_ETL to 2024-07-03 00:00:00+00:00, run_after=2024-07-04 00:00:00+00:00
[2024-07-04T02:18:04.935+0000] {processor.py:183} INFO - Processing /opt/airflow/dags/main.py took 1.131 seconds
[2024-07-04T02:18:35.007+0000] {processor.py:161} INFO - Started process (PID=223) to work on /opt/airflow/dags/main.py
[2024-07-04T02:18:35.009+0000] {processor.py:830} INFO - Processing file /opt/airflow/dags/main.py for tasks to queue
[2024-07-04T02:18:35.012+0000] {logging_mixin.py:188} INFO - [2024-07-04T02:18:35.011+0000] {dagbag.py:545} INFO - Filling up the DagBag from /opt/airflow/dags/main.py
[2024-07-04T02:18:36.033+0000] {processor.py:840} INFO - DAG(s) 'Binance_ETL' retrieved from /opt/airflow/dags/main.py
[2024-07-04T02:18:36.063+0000] {logging_mixin.py:188} INFO - [2024-07-04T02:18:36.062+0000] {dag.py:3096} INFO - Sync 1 DAGs
[2024-07-04T02:18:36.087+0000] {logging_mixin.py:188} INFO - [2024-07-04T02:18:36.087+0000] {dag.py:3954} INFO - Setting next_dagrun for Binance_ETL to 2024-07-03 00:00:00+00:00, run_after=2024-07-04 00:00:00+00:00
[2024-07-04T02:18:36.113+0000] {processor.py:183} INFO - Processing /opt/airflow/dags/main.py took 1.114 seconds
[2024-07-04T02:19:06.233+0000] {processor.py:161} INFO - Started process (PID=232) to work on /opt/airflow/dags/main.py
[2024-07-04T02:19:06.237+0000] {processor.py:830} INFO - Processing file /opt/airflow/dags/main.py for tasks to queue
[2024-07-04T02:19:06.241+0000] {logging_mixin.py:188} INFO - [2024-07-04T02:19:06.240+0000] {dagbag.py:545} INFO - Filling up the DagBag from /opt/airflow/dags/main.py
[2024-07-04T02:19:07.238+0000] {processor.py:840} INFO - DAG(s) 'Binance_ETL' retrieved from /opt/airflow/dags/main.py
[2024-07-04T02:19:07.263+0000] {logging_mixin.py:188} INFO - [2024-07-04T02:19:07.262+0000] {dag.py:3096} INFO - Sync 1 DAGs
[2024-07-04T02:19:07.284+0000] {logging_mixin.py:188} INFO - [2024-07-04T02:19:07.284+0000] {dag.py:3954} INFO - Setting next_dagrun for Binance_ETL to 2024-07-03 00:00:00+00:00, run_after=2024-07-04 00:00:00+00:00
[2024-07-04T02:19:07.330+0000] {processor.py:183} INFO - Processing /opt/airflow/dags/main.py took 1.112 seconds
[2024-07-04T02:19:37.622+0000] {processor.py:161} INFO - Started process (PID=241) to work on /opt/airflow/dags/main.py
[2024-07-04T02:19:37.638+0000] {processor.py:830} INFO - Processing file /opt/airflow/dags/main.py for tasks to queue
[2024-07-04T02:19:37.640+0000] {logging_mixin.py:188} INFO - [2024-07-04T02:19:37.639+0000] {dagbag.py:545} INFO - Filling up the DagBag from /opt/airflow/dags/main.py
[2024-07-04T02:19:38.697+0000] {processor.py:840} INFO - DAG(s) 'Binance_ETL' retrieved from /opt/airflow/dags/main.py
[2024-07-04T02:19:38.723+0000] {logging_mixin.py:188} INFO - [2024-07-04T02:19:38.723+0000] {dag.py:3096} INFO - Sync 1 DAGs
[2024-07-04T02:19:38.752+0000] {logging_mixin.py:188} INFO - [2024-07-04T02:19:38.752+0000] {dag.py:3954} INFO - Setting next_dagrun for Binance_ETL to 2024-07-03 00:00:00+00:00, run_after=2024-07-04 00:00:00+00:00
[2024-07-04T02:19:38.784+0000] {processor.py:183} INFO - Processing /opt/airflow/dags/main.py took 1.174 seconds
[2024-07-04T02:20:08.860+0000] {processor.py:161} INFO - Started process (PID=250) to work on /opt/airflow/dags/main.py
[2024-07-04T02:20:08.861+0000] {processor.py:830} INFO - Processing file /opt/airflow/dags/main.py for tasks to queue
[2024-07-04T02:20:08.863+0000] {logging_mixin.py:188} INFO - [2024-07-04T02:20:08.863+0000] {dagbag.py:545} INFO - Filling up the DagBag from /opt/airflow/dags/main.py
[2024-07-04T02:20:09.810+0000] {processor.py:840} INFO - DAG(s) 'Binance_ETL' retrieved from /opt/airflow/dags/main.py
[2024-07-04T02:20:09.841+0000] {logging_mixin.py:188} INFO - [2024-07-04T02:20:09.840+0000] {dag.py:3096} INFO - Sync 1 DAGs
[2024-07-04T02:20:09.865+0000] {logging_mixin.py:188} INFO - [2024-07-04T02:20:09.865+0000] {dag.py:3954} INFO - Setting next_dagrun for Binance_ETL to 2024-07-03 00:00:00+00:00, run_after=2024-07-04 00:00:00+00:00
[2024-07-04T02:20:09.893+0000] {processor.py:183} INFO - Processing /opt/airflow/dags/main.py took 1.049 seconds
[2024-07-04T02:20:40.077+0000] {processor.py:161} INFO - Started process (PID=260) to work on /opt/airflow/dags/main.py
[2024-07-04T02:20:40.094+0000] {processor.py:830} INFO - Processing file /opt/airflow/dags/main.py for tasks to queue
[2024-07-04T02:20:40.096+0000] {logging_mixin.py:188} INFO - [2024-07-04T02:20:40.096+0000] {dagbag.py:545} INFO - Filling up the DagBag from /opt/airflow/dags/main.py
[2024-07-04T02:20:41.118+0000] {processor.py:840} INFO - DAG(s) 'Binance_ETL' retrieved from /opt/airflow/dags/main.py
[2024-07-04T02:20:41.142+0000] {logging_mixin.py:188} INFO - [2024-07-04T02:20:41.141+0000] {dag.py:3096} INFO - Sync 1 DAGs
[2024-07-04T02:20:41.161+0000] {logging_mixin.py:188} INFO - [2024-07-04T02:20:41.161+0000] {dag.py:3954} INFO - Setting next_dagrun for Binance_ETL to 2024-07-03 00:00:00+00:00, run_after=2024-07-04 00:00:00+00:00
[2024-07-04T02:20:41.187+0000] {processor.py:183} INFO - Processing /opt/airflow/dags/main.py took 1.120 seconds
[2024-07-04T02:21:11.382+0000] {processor.py:161} INFO - Started process (PID=268) to work on /opt/airflow/dags/main.py
[2024-07-04T02:21:11.384+0000] {processor.py:830} INFO - Processing file /opt/airflow/dags/main.py for tasks to queue
[2024-07-04T02:21:11.389+0000] {logging_mixin.py:188} INFO - [2024-07-04T02:21:11.388+0000] {dagbag.py:545} INFO - Filling up the DagBag from /opt/airflow/dags/main.py
[2024-07-04T02:21:12.416+0000] {processor.py:840} INFO - DAG(s) 'Binance_ETL' retrieved from /opt/airflow/dags/main.py
[2024-07-04T02:21:12.439+0000] {logging_mixin.py:188} INFO - [2024-07-04T02:21:12.438+0000] {dag.py:3096} INFO - Sync 1 DAGs
[2024-07-04T02:21:12.463+0000] {logging_mixin.py:188} INFO - [2024-07-04T02:21:12.463+0000] {dag.py:3954} INFO - Setting next_dagrun for Binance_ETL to 2024-07-03 00:00:00+00:00, run_after=2024-07-04 00:00:00+00:00
[2024-07-04T02:21:12.486+0000] {processor.py:183} INFO - Processing /opt/airflow/dags/main.py took 1.130 seconds
[2024-07-04T02:21:42.645+0000] {processor.py:161} INFO - Started process (PID=278) to work on /opt/airflow/dags/main.py
[2024-07-04T02:21:42.662+0000] {processor.py:830} INFO - Processing file /opt/airflow/dags/main.py for tasks to queue
[2024-07-04T02:21:42.664+0000] {logging_mixin.py:188} INFO - [2024-07-04T02:21:42.664+0000] {dagbag.py:545} INFO - Filling up the DagBag from /opt/airflow/dags/main.py
[2024-07-04T02:21:43.743+0000] {processor.py:840} INFO - DAG(s) 'Binance_ETL' retrieved from /opt/airflow/dags/main.py
[2024-07-04T02:21:43.776+0000] {logging_mixin.py:188} INFO - [2024-07-04T02:21:43.776+0000] {dag.py:3096} INFO - Sync 1 DAGs
[2024-07-04T02:21:43.799+0000] {logging_mixin.py:188} INFO - [2024-07-04T02:21:43.799+0000] {dag.py:3954} INFO - Setting next_dagrun for Binance_ETL to 2024-07-03 00:00:00+00:00, run_after=2024-07-04 00:00:00+00:00
[2024-07-04T02:21:43.822+0000] {processor.py:183} INFO - Processing /opt/airflow/dags/main.py took 1.190 seconds
[2024-07-04T02:22:13.984+0000] {processor.py:161} INFO - Started process (PID=287) to work on /opt/airflow/dags/main.py
[2024-07-04T02:22:13.987+0000] {processor.py:830} INFO - Processing file /opt/airflow/dags/main.py for tasks to queue
[2024-07-04T02:22:13.991+0000] {logging_mixin.py:188} INFO - [2024-07-04T02:22:13.990+0000] {dagbag.py:545} INFO - Filling up the DagBag from /opt/airflow/dags/main.py
[2024-07-04T02:22:15.015+0000] {processor.py:840} INFO - DAG(s) 'Binance_ETL' retrieved from /opt/airflow/dags/main.py
[2024-07-04T02:22:15.045+0000] {logging_mixin.py:188} INFO - [2024-07-04T02:22:15.045+0000] {dag.py:3096} INFO - Sync 1 DAGs
[2024-07-04T02:22:15.072+0000] {logging_mixin.py:188} INFO - [2024-07-04T02:22:15.072+0000] {dag.py:3954} INFO - Setting next_dagrun for Binance_ETL to 2024-07-03 00:00:00+00:00, run_after=2024-07-04 00:00:00+00:00
[2024-07-04T02:22:15.093+0000] {processor.py:183} INFO - Processing /opt/airflow/dags/main.py took 1.130 seconds
[2024-07-04T02:22:38.189+0000] {processor.py:161} INFO - Started process (PID=296) to work on /opt/airflow/dags/main.py
[2024-07-04T02:22:38.190+0000] {processor.py:830} INFO - Processing file /opt/airflow/dags/main.py for tasks to queue
[2024-07-04T02:22:38.193+0000] {logging_mixin.py:188} INFO - [2024-07-04T02:22:38.192+0000] {dagbag.py:545} INFO - Filling up the DagBag from /opt/airflow/dags/main.py
[2024-07-04T02:22:39.630+0000] {logging_mixin.py:188} INFO - [2024-07-04T02:22:39.623+0000] {dagbag.py:355} ERROR - Failed to import: /opt/airflow/dags/main.py
Traceback (most recent call last):
  File "/home/airflow/.local/lib/python3.12/site-packages/airflow/models/dagbag.py", line 351, in parse
    loader.exec_module(new_module)
  File "<frozen importlib._bootstrap_external>", line 995, in exec_module
  File "<frozen importlib._bootstrap>", line 488, in _call_with_frames_removed
  File "/opt/airflow/dags/main.py", line 32, in <module>
    python_callable = extract_data,
                      ^^^^^^^^^^^^
NameError: name 'extract_data' is not defined
[2024-07-04T02:22:39.637+0000] {processor.py:842} WARNING - No viable dags retrieved from /opt/airflow/dags/main.py
[2024-07-04T02:22:39.684+0000] {processor.py:183} INFO - Processing /opt/airflow/dags/main.py took 1.505 seconds
[2024-07-04T02:23:09.944+0000] {processor.py:161} INFO - Started process (PID=305) to work on /opt/airflow/dags/main.py
[2024-07-04T02:23:09.961+0000] {processor.py:830} INFO - Processing file /opt/airflow/dags/main.py for tasks to queue
[2024-07-04T02:23:09.963+0000] {logging_mixin.py:188} INFO - [2024-07-04T02:23:09.963+0000] {dagbag.py:545} INFO - Filling up the DagBag from /opt/airflow/dags/main.py
[2024-07-04T02:23:11.522+0000] {logging_mixin.py:188} INFO - [2024-07-04T02:23:11.513+0000] {dagbag.py:355} ERROR - Failed to import: /opt/airflow/dags/main.py
Traceback (most recent call last):
  File "/home/airflow/.local/lib/python3.12/site-packages/airflow/models/dagbag.py", line 351, in parse
    loader.exec_module(new_module)
  File "<frozen importlib._bootstrap_external>", line 995, in exec_module
  File "<frozen importlib._bootstrap>", line 488, in _call_with_frames_removed
  File "/opt/airflow/dags/main.py", line 32, in <module>
    python_callable = extract_data,
                      ^^^^^^^^^^^^
NameError: name 'extract_data' is not defined
[2024-07-04T02:23:11.530+0000] {processor.py:842} WARNING - No viable dags retrieved from /opt/airflow/dags/main.py
[2024-07-04T02:23:11.555+0000] {processor.py:183} INFO - Processing /opt/airflow/dags/main.py took 1.620 seconds
[2024-07-04T02:23:41.773+0000] {processor.py:161} INFO - Started process (PID=313) to work on /opt/airflow/dags/main.py
[2024-07-04T02:23:41.774+0000] {processor.py:830} INFO - Processing file /opt/airflow/dags/main.py for tasks to queue
[2024-07-04T02:23:41.776+0000] {logging_mixin.py:188} INFO - [2024-07-04T02:23:41.775+0000] {dagbag.py:545} INFO - Filling up the DagBag from /opt/airflow/dags/main.py
[2024-07-04T02:23:42.724+0000] {logging_mixin.py:188} INFO - [2024-07-04T02:23:42.719+0000] {dagbag.py:355} ERROR - Failed to import: /opt/airflow/dags/main.py
Traceback (most recent call last):
  File "/home/airflow/.local/lib/python3.12/site-packages/airflow/models/dagbag.py", line 351, in parse
    loader.exec_module(new_module)
  File "<frozen importlib._bootstrap_external>", line 995, in exec_module
  File "<frozen importlib._bootstrap>", line 488, in _call_with_frames_removed
  File "/opt/airflow/dags/main.py", line 32, in <module>
    python_callable = extract_data,
                      ^^^^^^^^^^^^
NameError: name 'extract_data' is not defined
[2024-07-04T02:23:42.733+0000] {processor.py:842} WARNING - No viable dags retrieved from /opt/airflow/dags/main.py
[2024-07-04T02:23:42.784+0000] {processor.py:183} INFO - Processing /opt/airflow/dags/main.py took 1.023 seconds
[2024-07-04T02:23:44.803+0000] {processor.py:161} INFO - Started process (PID=316) to work on /opt/airflow/dags/main.py
[2024-07-04T02:23:44.805+0000] {processor.py:830} INFO - Processing file /opt/airflow/dags/main.py for tasks to queue
[2024-07-04T02:23:44.806+0000] {logging_mixin.py:188} INFO - [2024-07-04T02:23:44.806+0000] {dagbag.py:545} INFO - Filling up the DagBag from /opt/airflow/dags/main.py
[2024-07-04T02:23:44.837+0000] {logging_mixin.py:188} INFO - [2024-07-04T02:23:44.829+0000] {dagbag.py:355} ERROR - Failed to import: /opt/airflow/dags/main.py
Traceback (most recent call last):
  File "/home/airflow/.local/lib/python3.12/site-packages/airflow/models/dagbag.py", line 351, in parse
    loader.exec_module(new_module)
  File "<frozen importlib._bootstrap_external>", line 995, in exec_module
  File "<frozen importlib._bootstrap>", line 488, in _call_with_frames_removed
  File "/opt/airflow/dags/main.py", line 30, in <module>
    python_callable = extract_data,
                      ^^^^^^^^^^^^
NameError: name 'extract_data' is not defined
[2024-07-04T02:23:44.850+0000] {processor.py:842} WARNING - No viable dags retrieved from /opt/airflow/dags/main.py
[2024-07-04T02:23:44.901+0000] {processor.py:183} INFO - Processing /opt/airflow/dags/main.py took 0.107 seconds
[2024-07-04T02:24:15.167+0000] {processor.py:161} INFO - Started process (PID=323) to work on /opt/airflow/dags/main.py
[2024-07-04T02:24:15.185+0000] {processor.py:830} INFO - Processing file /opt/airflow/dags/main.py for tasks to queue
[2024-07-04T02:24:15.186+0000] {logging_mixin.py:188} INFO - [2024-07-04T02:24:15.186+0000] {dagbag.py:545} INFO - Filling up the DagBag from /opt/airflow/dags/main.py
[2024-07-04T02:24:15.205+0000] {logging_mixin.py:188} INFO - [2024-07-04T02:24:15.199+0000] {dagbag.py:355} ERROR - Failed to import: /opt/airflow/dags/main.py
Traceback (most recent call last):
  File "/home/airflow/.local/lib/python3.12/site-packages/airflow/models/dagbag.py", line 351, in parse
    loader.exec_module(new_module)
  File "<frozen importlib._bootstrap_external>", line 995, in exec_module
  File "<frozen importlib._bootstrap>", line 488, in _call_with_frames_removed
  File "/opt/airflow/dags/main.py", line 30, in <module>
    python_callable = extract_data,
                      ^^^^^^^^^^^^
NameError: name 'extract_data' is not defined
[2024-07-04T02:24:15.212+0000] {processor.py:842} WARNING - No viable dags retrieved from /opt/airflow/dags/main.py
[2024-07-04T02:24:15.230+0000] {processor.py:183} INFO - Processing /opt/airflow/dags/main.py took 0.075 seconds
[2024-07-04T02:24:45.448+0000] {processor.py:161} INFO - Started process (PID=330) to work on /opt/airflow/dags/main.py
[2024-07-04T02:24:45.450+0000] {processor.py:830} INFO - Processing file /opt/airflow/dags/main.py for tasks to queue
[2024-07-04T02:24:45.454+0000] {logging_mixin.py:188} INFO - [2024-07-04T02:24:45.453+0000] {dagbag.py:545} INFO - Filling up the DagBag from /opt/airflow/dags/main.py
[2024-07-04T02:24:45.507+0000] {logging_mixin.py:188} INFO - [2024-07-04T02:24:45.493+0000] {dagbag.py:355} ERROR - Failed to import: /opt/airflow/dags/main.py
Traceback (most recent call last):
  File "/home/airflow/.local/lib/python3.12/site-packages/airflow/models/dagbag.py", line 351, in parse
    loader.exec_module(new_module)
  File "<frozen importlib._bootstrap_external>", line 995, in exec_module
  File "<frozen importlib._bootstrap>", line 488, in _call_with_frames_removed
  File "/opt/airflow/dags/main.py", line 30, in <module>
    python_callable = extract_data,
                      ^^^^^^^^^^^^
NameError: name 'extract_data' is not defined
[2024-07-04T02:24:45.516+0000] {processor.py:842} WARNING - No viable dags retrieved from /opt/airflow/dags/main.py
[2024-07-04T02:24:45.619+0000] {processor.py:183} INFO - Processing /opt/airflow/dags/main.py took 0.196 seconds
[2024-07-04T02:25:15.706+0000] {processor.py:161} INFO - Started process (PID=337) to work on /opt/airflow/dags/main.py
[2024-07-04T02:25:15.712+0000] {processor.py:830} INFO - Processing file /opt/airflow/dags/main.py for tasks to queue
[2024-07-04T02:25:15.716+0000] {logging_mixin.py:188} INFO - [2024-07-04T02:25:15.715+0000] {dagbag.py:545} INFO - Filling up the DagBag from /opt/airflow/dags/main.py
[2024-07-04T02:25:15.749+0000] {logging_mixin.py:188} INFO - [2024-07-04T02:25:15.739+0000] {dagbag.py:355} ERROR - Failed to import: /opt/airflow/dags/main.py
Traceback (most recent call last):
  File "/home/airflow/.local/lib/python3.12/site-packages/airflow/models/dagbag.py", line 351, in parse
    loader.exec_module(new_module)
  File "<frozen importlib._bootstrap_external>", line 995, in exec_module
  File "<frozen importlib._bootstrap>", line 488, in _call_with_frames_removed
  File "/opt/airflow/dags/main.py", line 30, in <module>
    python_callable = extract_data,
                      ^^^^^^^^^^^^
NameError: name 'extract_data' is not defined
[2024-07-04T02:25:15.755+0000] {processor.py:842} WARNING - No viable dags retrieved from /opt/airflow/dags/main.py
[2024-07-04T02:25:15.774+0000] {processor.py:183} INFO - Processing /opt/airflow/dags/main.py took 0.090 seconds
[2024-07-04T02:25:31.857+0000] {processor.py:161} INFO - Started process (PID=343) to work on /opt/airflow/dags/main.py
[2024-07-04T02:25:31.859+0000] {processor.py:830} INFO - Processing file /opt/airflow/dags/main.py for tasks to queue
[2024-07-04T02:25:31.861+0000] {logging_mixin.py:188} INFO - [2024-07-04T02:25:31.860+0000] {dagbag.py:545} INFO - Filling up the DagBag from /opt/airflow/dags/main.py
[2024-07-04T02:25:32.928+0000] {logging_mixin.py:188} INFO - [2024-07-04T02:25:32.926+0000] {dagbag.py:355} ERROR - Failed to import: /opt/airflow/dags/main.py
Traceback (most recent call last):
  File "/home/airflow/.local/lib/python3.12/site-packages/airflow/models/dagbag.py", line 351, in parse
    loader.exec_module(new_module)
  File "<frozen importlib._bootstrap_external>", line 995, in exec_module
  File "<frozen importlib._bootstrap>", line 488, in _call_with_frames_removed
  File "/opt/airflow/dags/main.py", line 46, in <module>
    extract_data >> transform_data >> load_data
    ~~~~~~~~~~~~~^^~~~~~~~~~~~~~~~
TypeError: unsupported operand type(s) for >>: 'function' and 'function'
[2024-07-04T02:25:32.929+0000] {processor.py:842} WARNING - No viable dags retrieved from /opt/airflow/dags/main.py
[2024-07-04T02:25:32.951+0000] {processor.py:183} INFO - Processing /opt/airflow/dags/main.py took 1.116 seconds
[2024-07-04T02:26:03.119+0000] {processor.py:161} INFO - Started process (PID=352) to work on /opt/airflow/dags/main.py
[2024-07-04T02:26:03.123+0000] {processor.py:830} INFO - Processing file /opt/airflow/dags/main.py for tasks to queue
[2024-07-04T02:26:03.125+0000] {logging_mixin.py:188} INFO - [2024-07-04T02:26:03.124+0000] {dagbag.py:545} INFO - Filling up the DagBag from /opt/airflow/dags/main.py
[2024-07-04T02:26:04.103+0000] {logging_mixin.py:188} INFO - [2024-07-04T02:26:04.102+0000] {dagbag.py:355} ERROR - Failed to import: /opt/airflow/dags/main.py
Traceback (most recent call last):
  File "/home/airflow/.local/lib/python3.12/site-packages/airflow/models/dagbag.py", line 351, in parse
    loader.exec_module(new_module)
  File "<frozen importlib._bootstrap_external>", line 995, in exec_module
  File "<frozen importlib._bootstrap>", line 488, in _call_with_frames_removed
  File "/opt/airflow/dags/main.py", line 46, in <module>
    extract_data >> transform_data >> load_data
    ~~~~~~~~~~~~~^^~~~~~~~~~~~~~~~
TypeError: unsupported operand type(s) for >>: 'function' and 'function'
[2024-07-04T02:26:04.104+0000] {processor.py:842} WARNING - No viable dags retrieved from /opt/airflow/dags/main.py
[2024-07-04T02:26:04.136+0000] {processor.py:183} INFO - Processing /opt/airflow/dags/main.py took 1.028 seconds
[2024-07-04T02:26:29.374+0000] {processor.py:161} INFO - Started process (PID=361) to work on /opt/airflow/dags/main.py
[2024-07-04T02:26:29.375+0000] {processor.py:830} INFO - Processing file /opt/airflow/dags/main.py for tasks to queue
[2024-07-04T02:26:29.376+0000] {logging_mixin.py:188} INFO - [2024-07-04T02:26:29.376+0000] {dagbag.py:545} INFO - Filling up the DagBag from /opt/airflow/dags/main.py
[2024-07-04T02:26:30.336+0000] {processor.py:840} INFO - DAG(s) 'Binance_ETL' retrieved from /opt/airflow/dags/main.py
[2024-07-04T02:26:30.442+0000] {logging_mixin.py:188} INFO - [2024-07-04T02:26:30.442+0000] {dag.py:3096} INFO - Sync 1 DAGs
[2024-07-04T02:26:30.466+0000] {logging_mixin.py:188} INFO - [2024-07-04T02:26:30.466+0000] {dag.py:3954} INFO - Setting next_dagrun for Binance_ETL to 2024-07-03 00:00:00+00:00, run_after=2024-07-04 00:00:00+00:00
[2024-07-04T02:26:30.519+0000] {processor.py:183} INFO - Processing /opt/airflow/dags/main.py took 1.156 seconds
[2024-07-04T02:27:00.621+0000] {processor.py:161} INFO - Started process (PID=371) to work on /opt/airflow/dags/main.py
[2024-07-04T02:27:00.643+0000] {processor.py:830} INFO - Processing file /opt/airflow/dags/main.py for tasks to queue
[2024-07-04T02:27:00.645+0000] {logging_mixin.py:188} INFO - [2024-07-04T02:27:00.644+0000] {dagbag.py:545} INFO - Filling up the DagBag from /opt/airflow/dags/main.py
[2024-07-04T02:27:01.609+0000] {processor.py:840} INFO - DAG(s) 'Binance_ETL' retrieved from /opt/airflow/dags/main.py
[2024-07-04T02:27:01.633+0000] {logging_mixin.py:188} INFO - [2024-07-04T02:27:01.633+0000] {dag.py:3096} INFO - Sync 1 DAGs
[2024-07-04T02:27:01.656+0000] {logging_mixin.py:188} INFO - [2024-07-04T02:27:01.656+0000] {dag.py:3954} INFO - Setting next_dagrun for Binance_ETL to 2024-07-03 00:00:00+00:00, run_after=2024-07-04 00:00:00+00:00
[2024-07-04T02:27:01.711+0000] {processor.py:183} INFO - Processing /opt/airflow/dags/main.py took 1.114 seconds
[2024-07-04T02:27:31.841+0000] {processor.py:161} INFO - Started process (PID=379) to work on /opt/airflow/dags/main.py
[2024-07-04T02:27:31.842+0000] {processor.py:830} INFO - Processing file /opt/airflow/dags/main.py for tasks to queue
[2024-07-04T02:27:31.843+0000] {logging_mixin.py:188} INFO - [2024-07-04T02:27:31.842+0000] {dagbag.py:545} INFO - Filling up the DagBag from /opt/airflow/dags/main.py
[2024-07-04T02:27:32.857+0000] {processor.py:840} INFO - DAG(s) 'Binance_ETL' retrieved from /opt/airflow/dags/main.py
[2024-07-04T02:27:32.883+0000] {logging_mixin.py:188} INFO - [2024-07-04T02:27:32.882+0000] {dag.py:3096} INFO - Sync 1 DAGs
[2024-07-04T02:27:32.905+0000] {logging_mixin.py:188} INFO - [2024-07-04T02:27:32.905+0000] {dag.py:3954} INFO - Setting next_dagrun for Binance_ETL to 2024-07-03 00:00:00+00:00, run_after=2024-07-04 00:00:00+00:00
[2024-07-04T02:27:32.926+0000] {processor.py:183} INFO - Processing /opt/airflow/dags/main.py took 1.096 seconds
[2024-07-04T02:28:03.225+0000] {processor.py:161} INFO - Started process (PID=388) to work on /opt/airflow/dags/main.py
[2024-07-04T02:28:03.228+0000] {processor.py:830} INFO - Processing file /opt/airflow/dags/main.py for tasks to queue
[2024-07-04T02:28:03.230+0000] {logging_mixin.py:188} INFO - [2024-07-04T02:28:03.230+0000] {dagbag.py:545} INFO - Filling up the DagBag from /opt/airflow/dags/main.py
[2024-07-04T02:28:04.252+0000] {processor.py:840} INFO - DAG(s) 'Binance_ETL' retrieved from /opt/airflow/dags/main.py
[2024-07-04T02:28:04.280+0000] {logging_mixin.py:188} INFO - [2024-07-04T02:28:04.280+0000] {dag.py:3096} INFO - Sync 1 DAGs
[2024-07-04T02:28:04.305+0000] {logging_mixin.py:188} INFO - [2024-07-04T02:28:04.304+0000] {dag.py:3954} INFO - Setting next_dagrun for Binance_ETL to 2024-07-03 00:00:00+00:00, run_after=2024-07-04 00:00:00+00:00
[2024-07-04T02:28:04.325+0000] {processor.py:183} INFO - Processing /opt/airflow/dags/main.py took 1.129 seconds
[2024-07-04T02:29:23.383+0000] {processor.py:161} INFO - Started process (PID=45) to work on /opt/airflow/dags/main.py
[2024-07-04T02:29:23.390+0000] {processor.py:830} INFO - Processing file /opt/airflow/dags/main.py for tasks to queue
[2024-07-04T02:29:23.403+0000] {logging_mixin.py:188} INFO - [2024-07-04T02:29:23.403+0000] {dagbag.py:545} INFO - Filling up the DagBag from /opt/airflow/dags/main.py
[2024-07-04T02:29:24.954+0000] {processor.py:840} INFO - DAG(s) 'Binance_ETL' retrieved from /opt/airflow/dags/main.py
[2024-07-04T02:29:25.235+0000] {logging_mixin.py:188} INFO - [2024-07-04T02:29:25.234+0000] {dag.py:3096} INFO - Sync 1 DAGs
[2024-07-04T02:29:25.281+0000] {logging_mixin.py:188} INFO - [2024-07-04T02:29:25.280+0000] {dag.py:3954} INFO - Setting next_dagrun for Binance_ETL to 2024-07-03 00:00:00+00:00, run_after=2024-07-04 00:00:00+00:00
[2024-07-04T02:29:25.361+0000] {processor.py:183} INFO - Processing /opt/airflow/dags/main.py took 2.020 seconds
[2024-07-04T02:29:55.594+0000] {processor.py:161} INFO - Started process (PID=74) to work on /opt/airflow/dags/main.py
[2024-07-04T02:29:55.596+0000] {processor.py:830} INFO - Processing file /opt/airflow/dags/main.py for tasks to queue
[2024-07-04T02:29:55.598+0000] {logging_mixin.py:188} INFO - [2024-07-04T02:29:55.598+0000] {dagbag.py:545} INFO - Filling up the DagBag from /opt/airflow/dags/main.py
[2024-07-04T02:29:56.544+0000] {processor.py:840} INFO - DAG(s) 'Binance_ETL' retrieved from /opt/airflow/dags/main.py
[2024-07-04T02:29:56.570+0000] {logging_mixin.py:188} INFO - [2024-07-04T02:29:56.569+0000] {dag.py:3096} INFO - Sync 1 DAGs
[2024-07-04T02:29:56.590+0000] {logging_mixin.py:188} INFO - [2024-07-04T02:29:56.589+0000] {dag.py:3954} INFO - Setting next_dagrun for Binance_ETL to 2024-07-04 00:00:00+00:00, run_after=2024-07-05 00:00:00+00:00
[2024-07-04T02:29:56.610+0000] {processor.py:183} INFO - Processing /opt/airflow/dags/main.py took 1.024 seconds
[2024-07-04T02:30:26.827+0000] {processor.py:161} INFO - Started process (PID=83) to work on /opt/airflow/dags/main.py
[2024-07-04T02:30:26.829+0000] {processor.py:830} INFO - Processing file /opt/airflow/dags/main.py for tasks to queue
[2024-07-04T02:30:26.831+0000] {logging_mixin.py:188} INFO - [2024-07-04T02:30:26.831+0000] {dagbag.py:545} INFO - Filling up the DagBag from /opt/airflow/dags/main.py
[2024-07-04T02:30:27.841+0000] {processor.py:840} INFO - DAG(s) 'Binance_ETL' retrieved from /opt/airflow/dags/main.py
[2024-07-04T02:30:27.879+0000] {logging_mixin.py:188} INFO - [2024-07-04T02:30:27.878+0000] {dag.py:3096} INFO - Sync 1 DAGs
[2024-07-04T02:30:27.911+0000] {logging_mixin.py:188} INFO - [2024-07-04T02:30:27.911+0000] {dag.py:3954} INFO - Setting next_dagrun for Binance_ETL to 2024-07-04 00:00:00+00:00, run_after=2024-07-05 00:00:00+00:00
[2024-07-04T02:30:27.946+0000] {processor.py:183} INFO - Processing /opt/airflow/dags/main.py took 1.131 seconds
[2024-07-04T02:35:40.422+0000] {processor.py:161} INFO - Started process (PID=49) to work on /opt/airflow/dags/main.py
[2024-07-04T02:35:40.429+0000] {processor.py:830} INFO - Processing file /opt/airflow/dags/main.py for tasks to queue
[2024-07-04T02:35:40.437+0000] {logging_mixin.py:188} INFO - [2024-07-04T02:35:40.433+0000] {dagbag.py:545} INFO - Filling up the DagBag from /opt/airflow/dags/main.py
[2024-07-04T02:35:42.289+0000] {processor.py:840} INFO - DAG(s) 'Binance_ETL' retrieved from /opt/airflow/dags/main.py
[2024-07-04T02:35:42.492+0000] {logging_mixin.py:188} INFO - [2024-07-04T02:35:42.492+0000] {dag.py:3096} INFO - Sync 1 DAGs
[2024-07-04T02:35:42.542+0000] {logging_mixin.py:188} INFO - [2024-07-04T02:35:42.542+0000] {dag.py:3954} INFO - Setting next_dagrun for Binance_ETL to 2024-07-04 00:00:00+00:00, run_after=2024-07-05 00:00:00+00:00
[2024-07-04T02:35:42.588+0000] {processor.py:183} INFO - Processing /opt/airflow/dags/main.py took 2.186 seconds
[2024-07-04T02:36:12.745+0000] {processor.py:161} INFO - Started process (PID=64) to work on /opt/airflow/dags/main.py
[2024-07-04T02:36:12.747+0000] {processor.py:830} INFO - Processing file /opt/airflow/dags/main.py for tasks to queue
[2024-07-04T02:36:12.749+0000] {logging_mixin.py:188} INFO - [2024-07-04T02:36:12.749+0000] {dagbag.py:545} INFO - Filling up the DagBag from /opt/airflow/dags/main.py
[2024-07-04T02:36:13.769+0000] {processor.py:840} INFO - DAG(s) 'Binance_ETL' retrieved from /opt/airflow/dags/main.py
[2024-07-04T02:36:13.798+0000] {logging_mixin.py:188} INFO - [2024-07-04T02:36:13.797+0000] {dag.py:3096} INFO - Sync 1 DAGs
[2024-07-04T02:36:13.819+0000] {logging_mixin.py:188} INFO - [2024-07-04T02:36:13.819+0000] {dag.py:3954} INFO - Setting next_dagrun for Binance_ETL to 2024-07-04 00:00:00+00:00, run_after=2024-07-05 00:00:00+00:00
[2024-07-04T02:36:13.853+0000] {processor.py:183} INFO - Processing /opt/airflow/dags/main.py took 1.118 seconds
[2024-07-04T02:36:44.043+0000] {processor.py:161} INFO - Started process (PID=73) to work on /opt/airflow/dags/main.py
[2024-07-04T02:36:44.046+0000] {processor.py:830} INFO - Processing file /opt/airflow/dags/main.py for tasks to queue
[2024-07-04T02:36:44.049+0000] {logging_mixin.py:188} INFO - [2024-07-04T02:36:44.048+0000] {dagbag.py:545} INFO - Filling up the DagBag from /opt/airflow/dags/main.py
[2024-07-04T02:36:45.087+0000] {processor.py:840} INFO - DAG(s) 'Binance_ETL' retrieved from /opt/airflow/dags/main.py
[2024-07-04T02:36:45.120+0000] {logging_mixin.py:188} INFO - [2024-07-04T02:36:45.119+0000] {dag.py:3096} INFO - Sync 1 DAGs
[2024-07-04T02:36:45.147+0000] {logging_mixin.py:188} INFO - [2024-07-04T02:36:45.147+0000] {dag.py:3954} INFO - Setting next_dagrun for Binance_ETL to 2024-07-04 00:00:00+00:00, run_after=2024-07-05 00:00:00+00:00
[2024-07-04T02:36:45.183+0000] {processor.py:183} INFO - Processing /opt/airflow/dags/main.py took 1.161 seconds
[2024-07-04T02:37:15.301+0000] {processor.py:161} INFO - Started process (PID=81) to work on /opt/airflow/dags/main.py
[2024-07-04T02:37:15.304+0000] {processor.py:830} INFO - Processing file /opt/airflow/dags/main.py for tasks to queue
[2024-07-04T02:37:15.311+0000] {logging_mixin.py:188} INFO - [2024-07-04T02:37:15.310+0000] {dagbag.py:545} INFO - Filling up the DagBag from /opt/airflow/dags/main.py
[2024-07-04T02:37:16.393+0000] {processor.py:840} INFO - DAG(s) 'Binance_ETL' retrieved from /opt/airflow/dags/main.py
[2024-07-04T02:37:16.431+0000] {logging_mixin.py:188} INFO - [2024-07-04T02:37:16.431+0000] {dag.py:3096} INFO - Sync 1 DAGs
[2024-07-04T02:37:16.452+0000] {logging_mixin.py:188} INFO - [2024-07-04T02:37:16.452+0000] {dag.py:3954} INFO - Setting next_dagrun for Binance_ETL to 2024-07-04 00:00:00+00:00, run_after=2024-07-05 00:00:00+00:00
[2024-07-04T02:37:16.472+0000] {processor.py:183} INFO - Processing /opt/airflow/dags/main.py took 1.197 seconds
[2024-07-04T02:37:46.607+0000] {processor.py:161} INFO - Started process (PID=90) to work on /opt/airflow/dags/main.py
[2024-07-04T02:37:46.622+0000] {processor.py:830} INFO - Processing file /opt/airflow/dags/main.py for tasks to queue
[2024-07-04T02:37:46.630+0000] {logging_mixin.py:188} INFO - [2024-07-04T02:37:46.628+0000] {dagbag.py:545} INFO - Filling up the DagBag from /opt/airflow/dags/main.py
[2024-07-04T02:37:47.558+0000] {processor.py:840} INFO - DAG(s) 'Binance_ETL' retrieved from /opt/airflow/dags/main.py
[2024-07-04T02:37:47.585+0000] {logging_mixin.py:188} INFO - [2024-07-04T02:37:47.584+0000] {dag.py:3096} INFO - Sync 1 DAGs
[2024-07-04T02:37:47.606+0000] {logging_mixin.py:188} INFO - [2024-07-04T02:37:47.605+0000] {dag.py:3954} INFO - Setting next_dagrun for Binance_ETL to 2024-07-04 00:00:00+00:00, run_after=2024-07-05 00:00:00+00:00
[2024-07-04T02:37:47.640+0000] {processor.py:183} INFO - Processing /opt/airflow/dags/main.py took 1.052 seconds
[2024-07-04T02:38:17.874+0000] {processor.py:161} INFO - Started process (PID=99) to work on /opt/airflow/dags/main.py
[2024-07-04T02:38:17.875+0000] {processor.py:830} INFO - Processing file /opt/airflow/dags/main.py for tasks to queue
[2024-07-04T02:38:17.877+0000] {logging_mixin.py:188} INFO - [2024-07-04T02:38:17.877+0000] {dagbag.py:545} INFO - Filling up the DagBag from /opt/airflow/dags/main.py
[2024-07-04T02:38:18.889+0000] {processor.py:840} INFO - DAG(s) 'Binance_ETL' retrieved from /opt/airflow/dags/main.py
[2024-07-04T02:38:18.911+0000] {logging_mixin.py:188} INFO - [2024-07-04T02:38:18.911+0000] {dag.py:3096} INFO - Sync 1 DAGs
[2024-07-04T02:38:18.932+0000] {logging_mixin.py:188} INFO - [2024-07-04T02:38:18.932+0000] {dag.py:3954} INFO - Setting next_dagrun for Binance_ETL to 2024-07-04 00:00:00+00:00, run_after=2024-07-05 00:00:00+00:00
[2024-07-04T02:38:18.963+0000] {processor.py:183} INFO - Processing /opt/airflow/dags/main.py took 1.097 seconds
[2024-07-04T02:38:49.094+0000] {processor.py:161} INFO - Started process (PID=108) to work on /opt/airflow/dags/main.py
[2024-07-04T02:38:49.095+0000] {processor.py:830} INFO - Processing file /opt/airflow/dags/main.py for tasks to queue
[2024-07-04T02:38:49.099+0000] {logging_mixin.py:188} INFO - [2024-07-04T02:38:49.098+0000] {dagbag.py:545} INFO - Filling up the DagBag from /opt/airflow/dags/main.py
[2024-07-04T02:38:49.993+0000] {processor.py:840} INFO - DAG(s) 'Binance_ETL' retrieved from /opt/airflow/dags/main.py
[2024-07-04T02:38:50.016+0000] {logging_mixin.py:188} INFO - [2024-07-04T02:38:50.016+0000] {dag.py:3096} INFO - Sync 1 DAGs
[2024-07-04T02:38:50.036+0000] {logging_mixin.py:188} INFO - [2024-07-04T02:38:50.036+0000] {dag.py:3954} INFO - Setting next_dagrun for Binance_ETL to 2024-07-04 00:00:00+00:00, run_after=2024-07-05 00:00:00+00:00
[2024-07-04T02:38:50.068+0000] {processor.py:183} INFO - Processing /opt/airflow/dags/main.py took 0.983 seconds
[2024-07-04T02:39:20.309+0000] {processor.py:161} INFO - Started process (PID=117) to work on /opt/airflow/dags/main.py
[2024-07-04T02:39:20.326+0000] {processor.py:830} INFO - Processing file /opt/airflow/dags/main.py for tasks to queue
[2024-07-04T02:39:20.329+0000] {logging_mixin.py:188} INFO - [2024-07-04T02:39:20.329+0000] {dagbag.py:545} INFO - Filling up the DagBag from /opt/airflow/dags/main.py
[2024-07-04T02:39:21.197+0000] {processor.py:840} INFO - DAG(s) 'Binance_ETL' retrieved from /opt/airflow/dags/main.py
[2024-07-04T02:39:21.220+0000] {logging_mixin.py:188} INFO - [2024-07-04T02:39:21.220+0000] {dag.py:3096} INFO - Sync 1 DAGs
[2024-07-04T02:39:21.242+0000] {logging_mixin.py:188} INFO - [2024-07-04T02:39:21.242+0000] {dag.py:3954} INFO - Setting next_dagrun for Binance_ETL to 2024-07-04 00:00:00+00:00, run_after=2024-07-05 00:00:00+00:00
[2024-07-04T02:39:21.276+0000] {processor.py:183} INFO - Processing /opt/airflow/dags/main.py took 0.979 seconds
[2024-07-04T02:39:51.531+0000] {processor.py:161} INFO - Started process (PID=126) to work on /opt/airflow/dags/main.py
[2024-07-04T02:39:51.549+0000] {processor.py:830} INFO - Processing file /opt/airflow/dags/main.py for tasks to queue
[2024-07-04T02:39:51.551+0000] {logging_mixin.py:188} INFO - [2024-07-04T02:39:51.551+0000] {dagbag.py:545} INFO - Filling up the DagBag from /opt/airflow/dags/main.py
[2024-07-04T02:39:52.433+0000] {processor.py:840} INFO - DAG(s) 'Binance_ETL' retrieved from /opt/airflow/dags/main.py
[2024-07-04T02:39:52.456+0000] {logging_mixin.py:188} INFO - [2024-07-04T02:39:52.456+0000] {dag.py:3096} INFO - Sync 1 DAGs
[2024-07-04T02:39:52.477+0000] {logging_mixin.py:188} INFO - [2024-07-04T02:39:52.476+0000] {dag.py:3954} INFO - Setting next_dagrun for Binance_ETL to 2024-07-04 00:00:00+00:00, run_after=2024-07-05 00:00:00+00:00
[2024-07-04T02:39:52.524+0000] {processor.py:183} INFO - Processing /opt/airflow/dags/main.py took 1.002 seconds
[2024-07-04T02:40:22.779+0000] {processor.py:161} INFO - Started process (PID=135) to work on /opt/airflow/dags/main.py
[2024-07-04T02:40:22.797+0000] {processor.py:830} INFO - Processing file /opt/airflow/dags/main.py for tasks to queue
[2024-07-04T02:40:22.801+0000] {logging_mixin.py:188} INFO - [2024-07-04T02:40:22.800+0000] {dagbag.py:545} INFO - Filling up the DagBag from /opt/airflow/dags/main.py
[2024-07-04T02:40:23.675+0000] {processor.py:840} INFO - DAG(s) 'Binance_ETL' retrieved from /opt/airflow/dags/main.py
[2024-07-04T02:40:23.698+0000] {logging_mixin.py:188} INFO - [2024-07-04T02:40:23.697+0000] {dag.py:3096} INFO - Sync 1 DAGs
[2024-07-04T02:40:23.719+0000] {logging_mixin.py:188} INFO - [2024-07-04T02:40:23.718+0000] {dag.py:3954} INFO - Setting next_dagrun for Binance_ETL to 2024-07-04 00:00:00+00:00, run_after=2024-07-05 00:00:00+00:00
[2024-07-04T02:40:23.751+0000] {processor.py:183} INFO - Processing /opt/airflow/dags/main.py took 0.983 seconds
[2024-07-04T02:40:54.031+0000] {processor.py:161} INFO - Started process (PID=144) to work on /opt/airflow/dags/main.py
[2024-07-04T02:40:54.050+0000] {processor.py:830} INFO - Processing file /opt/airflow/dags/main.py for tasks to queue
[2024-07-04T02:40:54.052+0000] {logging_mixin.py:188} INFO - [2024-07-04T02:40:54.052+0000] {dagbag.py:545} INFO - Filling up the DagBag from /opt/airflow/dags/main.py
[2024-07-04T02:40:54.932+0000] {processor.py:840} INFO - DAG(s) 'Binance_ETL' retrieved from /opt/airflow/dags/main.py
[2024-07-04T02:40:54.955+0000] {logging_mixin.py:188} INFO - [2024-07-04T02:40:54.954+0000] {dag.py:3096} INFO - Sync 1 DAGs
[2024-07-04T02:40:54.976+0000] {logging_mixin.py:188} INFO - [2024-07-04T02:40:54.976+0000] {dag.py:3954} INFO - Setting next_dagrun for Binance_ETL to 2024-07-04 00:00:00+00:00, run_after=2024-07-05 00:00:00+00:00
[2024-07-04T02:40:55.011+0000] {processor.py:183} INFO - Processing /opt/airflow/dags/main.py took 0.993 seconds
[2024-07-04T02:41:25.260+0000] {processor.py:161} INFO - Started process (PID=153) to work on /opt/airflow/dags/main.py
[2024-07-04T02:41:25.278+0000] {processor.py:830} INFO - Processing file /opt/airflow/dags/main.py for tasks to queue
[2024-07-04T02:41:25.281+0000] {logging_mixin.py:188} INFO - [2024-07-04T02:41:25.280+0000] {dagbag.py:545} INFO - Filling up the DagBag from /opt/airflow/dags/main.py
[2024-07-04T02:41:26.186+0000] {processor.py:840} INFO - DAG(s) 'Binance_ETL' retrieved from /opt/airflow/dags/main.py
[2024-07-04T02:41:26.209+0000] {logging_mixin.py:188} INFO - [2024-07-04T02:41:26.209+0000] {dag.py:3096} INFO - Sync 1 DAGs
[2024-07-04T02:41:26.231+0000] {logging_mixin.py:188} INFO - [2024-07-04T02:41:26.231+0000] {dag.py:3954} INFO - Setting next_dagrun for Binance_ETL to 2024-07-04 00:00:00+00:00, run_after=2024-07-05 00:00:00+00:00
[2024-07-04T02:41:26.265+0000] {processor.py:183} INFO - Processing /opt/airflow/dags/main.py took 1.018 seconds
[2024-07-04T02:41:56.461+0000] {processor.py:161} INFO - Started process (PID=162) to work on /opt/airflow/dags/main.py
[2024-07-04T02:41:56.480+0000] {processor.py:830} INFO - Processing file /opt/airflow/dags/main.py for tasks to queue
[2024-07-04T02:41:56.484+0000] {logging_mixin.py:188} INFO - [2024-07-04T02:41:56.483+0000] {dagbag.py:545} INFO - Filling up the DagBag from /opt/airflow/dags/main.py
[2024-07-04T02:41:57.441+0000] {processor.py:840} INFO - DAG(s) 'Binance_ETL' retrieved from /opt/airflow/dags/main.py
[2024-07-04T02:41:57.465+0000] {logging_mixin.py:188} INFO - [2024-07-04T02:41:57.465+0000] {dag.py:3096} INFO - Sync 1 DAGs
[2024-07-04T02:41:57.484+0000] {logging_mixin.py:188} INFO - [2024-07-04T02:41:57.484+0000] {dag.py:3954} INFO - Setting next_dagrun for Binance_ETL to 2024-07-04 00:00:00+00:00, run_after=2024-07-05 00:00:00+00:00
[2024-07-04T02:41:57.519+0000] {processor.py:183} INFO - Processing /opt/airflow/dags/main.py took 1.069 seconds
[2024-07-04T02:42:27.692+0000] {processor.py:161} INFO - Started process (PID=171) to work on /opt/airflow/dags/main.py
[2024-07-04T02:42:27.713+0000] {processor.py:830} INFO - Processing file /opt/airflow/dags/main.py for tasks to queue
[2024-07-04T02:42:27.721+0000] {logging_mixin.py:188} INFO - [2024-07-04T02:42:27.719+0000] {dagbag.py:545} INFO - Filling up the DagBag from /opt/airflow/dags/main.py
[2024-07-04T02:42:28.704+0000] {processor.py:840} INFO - DAG(s) 'Binance_ETL' retrieved from /opt/airflow/dags/main.py
[2024-07-04T02:42:28.732+0000] {logging_mixin.py:188} INFO - [2024-07-04T02:42:28.732+0000] {dag.py:3096} INFO - Sync 1 DAGs
[2024-07-04T02:42:28.753+0000] {logging_mixin.py:188} INFO - [2024-07-04T02:42:28.752+0000] {dag.py:3954} INFO - Setting next_dagrun for Binance_ETL to 2024-07-04 00:00:00+00:00, run_after=2024-07-05 00:00:00+00:00
[2024-07-04T02:42:28.771+0000] {processor.py:183} INFO - Processing /opt/airflow/dags/main.py took 1.098 seconds
[2024-07-04T02:42:58.972+0000] {processor.py:161} INFO - Started process (PID=180) to work on /opt/airflow/dags/main.py
[2024-07-04T02:42:58.976+0000] {processor.py:830} INFO - Processing file /opt/airflow/dags/main.py for tasks to queue
[2024-07-04T02:42:58.980+0000] {logging_mixin.py:188} INFO - [2024-07-04T02:42:58.979+0000] {dagbag.py:545} INFO - Filling up the DagBag from /opt/airflow/dags/main.py
[2024-07-04T02:42:59.856+0000] {processor.py:840} INFO - DAG(s) 'Binance_ETL' retrieved from /opt/airflow/dags/main.py
[2024-07-04T02:42:59.880+0000] {logging_mixin.py:188} INFO - [2024-07-04T02:42:59.879+0000] {dag.py:3096} INFO - Sync 1 DAGs
[2024-07-04T02:42:59.900+0000] {logging_mixin.py:188} INFO - [2024-07-04T02:42:59.900+0000] {dag.py:3954} INFO - Setting next_dagrun for Binance_ETL to 2024-07-04 00:00:00+00:00, run_after=2024-07-05 00:00:00+00:00
[2024-07-04T02:42:59.935+0000] {processor.py:183} INFO - Processing /opt/airflow/dags/main.py took 0.980 seconds
[2024-07-04T02:43:30.154+0000] {processor.py:161} INFO - Started process (PID=189) to work on /opt/airflow/dags/main.py
[2024-07-04T02:43:30.173+0000] {processor.py:830} INFO - Processing file /opt/airflow/dags/main.py for tasks to queue
[2024-07-04T02:43:30.175+0000] {logging_mixin.py:188} INFO - [2024-07-04T02:43:30.175+0000] {dagbag.py:545} INFO - Filling up the DagBag from /opt/airflow/dags/main.py
[2024-07-04T02:43:31.083+0000] {processor.py:840} INFO - DAG(s) 'Binance_ETL' retrieved from /opt/airflow/dags/main.py
[2024-07-04T02:43:31.115+0000] {logging_mixin.py:188} INFO - [2024-07-04T02:43:31.115+0000] {dag.py:3096} INFO - Sync 1 DAGs
[2024-07-04T02:43:31.136+0000] {logging_mixin.py:188} INFO - [2024-07-04T02:43:31.136+0000] {dag.py:3954} INFO - Setting next_dagrun for Binance_ETL to 2024-07-04 00:00:00+00:00, run_after=2024-07-05 00:00:00+00:00
[2024-07-04T02:43:31.170+0000] {processor.py:183} INFO - Processing /opt/airflow/dags/main.py took 1.023 seconds
[2024-07-04T02:44:33.679+0000] {processor.py:161} INFO - Started process (PID=50) to work on /opt/airflow/dags/main.py
[2024-07-04T02:44:33.701+0000] {processor.py:830} INFO - Processing file /opt/airflow/dags/main.py for tasks to queue
[2024-07-04T02:44:33.703+0000] {logging_mixin.py:188} INFO - [2024-07-04T02:44:33.703+0000] {dagbag.py:545} INFO - Filling up the DagBag from /opt/airflow/dags/main.py
[2024-07-04T02:44:35.535+0000] {processor.py:840} INFO - DAG(s) 'Binance_ETL' retrieved from /opt/airflow/dags/main.py
[2024-07-04T02:44:35.761+0000] {logging_mixin.py:188} INFO - [2024-07-04T02:44:35.761+0000] {dag.py:3096} INFO - Sync 1 DAGs
[2024-07-04T02:44:35.807+0000] {logging_mixin.py:188} INFO - [2024-07-04T02:44:35.807+0000] {dag.py:3954} INFO - Setting next_dagrun for Binance_ETL to 2024-07-04 00:00:00+00:00, run_after=2024-07-05 00:00:00+00:00
[2024-07-04T02:44:35.847+0000] {processor.py:183} INFO - Processing /opt/airflow/dags/main.py took 2.191 seconds
[2024-07-04T02:45:06.022+0000] {processor.py:161} INFO - Started process (PID=60) to work on /opt/airflow/dags/main.py
[2024-07-04T02:45:06.023+0000] {processor.py:830} INFO - Processing file /opt/airflow/dags/main.py for tasks to queue
[2024-07-04T02:45:06.026+0000] {logging_mixin.py:188} INFO - [2024-07-04T02:45:06.025+0000] {dagbag.py:545} INFO - Filling up the DagBag from /opt/airflow/dags/main.py
[2024-07-04T02:45:07.024+0000] {processor.py:840} INFO - DAG(s) 'Binance_ETL' retrieved from /opt/airflow/dags/main.py
[2024-07-04T02:45:07.056+0000] {logging_mixin.py:188} INFO - [2024-07-04T02:45:07.056+0000] {dag.py:3096} INFO - Sync 1 DAGs
[2024-07-04T02:45:07.087+0000] {logging_mixin.py:188} INFO - [2024-07-04T02:45:07.087+0000] {dag.py:3954} INFO - Setting next_dagrun for Binance_ETL to 2024-07-04 00:00:00+00:00, run_after=2024-07-05 00:00:00+00:00
[2024-07-04T02:45:07.132+0000] {processor.py:183} INFO - Processing /opt/airflow/dags/main.py took 1.121 seconds
[2024-07-04T02:45:37.302+0000] {processor.py:161} INFO - Started process (PID=75) to work on /opt/airflow/dags/main.py
[2024-07-04T02:45:37.307+0000] {processor.py:830} INFO - Processing file /opt/airflow/dags/main.py for tasks to queue
[2024-07-04T02:45:37.316+0000] {logging_mixin.py:188} INFO - [2024-07-04T02:45:37.314+0000] {dagbag.py:545} INFO - Filling up the DagBag from /opt/airflow/dags/main.py
[2024-07-04T02:45:38.262+0000] {processor.py:840} INFO - DAG(s) 'Binance_ETL' retrieved from /opt/airflow/dags/main.py
[2024-07-04T02:45:38.286+0000] {logging_mixin.py:188} INFO - [2024-07-04T02:45:38.286+0000] {dag.py:3096} INFO - Sync 1 DAGs
[2024-07-04T02:45:38.308+0000] {logging_mixin.py:188} INFO - [2024-07-04T02:45:38.307+0000] {dag.py:3954} INFO - Setting next_dagrun for Binance_ETL to 2024-07-04 00:00:00+00:00, run_after=2024-07-05 00:00:00+00:00
[2024-07-04T02:45:38.326+0000] {processor.py:183} INFO - Processing /opt/airflow/dags/main.py took 1.059 seconds
[2024-07-04T02:46:08.580+0000] {processor.py:161} INFO - Started process (PID=84) to work on /opt/airflow/dags/main.py
[2024-07-04T02:46:08.605+0000] {processor.py:830} INFO - Processing file /opt/airflow/dags/main.py for tasks to queue
[2024-07-04T02:46:08.609+0000] {logging_mixin.py:188} INFO - [2024-07-04T02:46:08.608+0000] {dagbag.py:545} INFO - Filling up the DagBag from /opt/airflow/dags/main.py
[2024-07-04T02:46:09.580+0000] {processor.py:840} INFO - DAG(s) 'Binance_ETL' retrieved from /opt/airflow/dags/main.py
[2024-07-04T02:46:09.604+0000] {logging_mixin.py:188} INFO - [2024-07-04T02:46:09.604+0000] {dag.py:3096} INFO - Sync 1 DAGs
[2024-07-04T02:46:09.625+0000] {logging_mixin.py:188} INFO - [2024-07-04T02:46:09.625+0000] {dag.py:3954} INFO - Setting next_dagrun for Binance_ETL to 2024-07-04 00:00:00+00:00, run_after=2024-07-05 00:00:00+00:00
[2024-07-04T02:46:09.681+0000] {processor.py:183} INFO - Processing /opt/airflow/dags/main.py took 1.112 seconds
[2024-07-04T02:46:39.843+0000] {processor.py:161} INFO - Started process (PID=93) to work on /opt/airflow/dags/main.py
[2024-07-04T02:46:39.845+0000] {processor.py:830} INFO - Processing file /opt/airflow/dags/main.py for tasks to queue
[2024-07-04T02:46:39.848+0000] {logging_mixin.py:188} INFO - [2024-07-04T02:46:39.847+0000] {dagbag.py:545} INFO - Filling up the DagBag from /opt/airflow/dags/main.py
[2024-07-04T02:46:40.740+0000] {processor.py:840} INFO - DAG(s) 'Binance_ETL' retrieved from /opt/airflow/dags/main.py
[2024-07-04T02:46:40.763+0000] {logging_mixin.py:188} INFO - [2024-07-04T02:46:40.763+0000] {dag.py:3096} INFO - Sync 1 DAGs
[2024-07-04T02:46:40.783+0000] {logging_mixin.py:188} INFO - [2024-07-04T02:46:40.783+0000] {dag.py:3954} INFO - Setting next_dagrun for Binance_ETL to 2024-07-04 00:00:00+00:00, run_after=2024-07-05 00:00:00+00:00
[2024-07-04T02:46:40.825+0000] {processor.py:183} INFO - Processing /opt/airflow/dags/main.py took 1.002 seconds
[2024-07-04T02:47:11.044+0000] {processor.py:161} INFO - Started process (PID=101) to work on /opt/airflow/dags/main.py
[2024-07-04T02:47:11.047+0000] {processor.py:830} INFO - Processing file /opt/airflow/dags/main.py for tasks to queue
[2024-07-04T02:47:11.050+0000] {logging_mixin.py:188} INFO - [2024-07-04T02:47:11.050+0000] {dagbag.py:545} INFO - Filling up the DagBag from /opt/airflow/dags/main.py
[2024-07-04T02:47:11.926+0000] {processor.py:840} INFO - DAG(s) 'Binance_ETL' retrieved from /opt/airflow/dags/main.py
[2024-07-04T02:47:11.951+0000] {logging_mixin.py:188} INFO - [2024-07-04T02:47:11.950+0000] {dag.py:3096} INFO - Sync 1 DAGs
[2024-07-04T02:47:11.975+0000] {logging_mixin.py:188} INFO - [2024-07-04T02:47:11.975+0000] {dag.py:3954} INFO - Setting next_dagrun for Binance_ETL to 2024-07-04 00:00:00+00:00, run_after=2024-07-05 00:00:00+00:00
[2024-07-04T02:47:11.993+0000] {processor.py:183} INFO - Processing /opt/airflow/dags/main.py took 0.961 seconds
[2024-07-04T02:47:42.241+0000] {processor.py:161} INFO - Started process (PID=110) to work on /opt/airflow/dags/main.py
[2024-07-04T02:47:42.244+0000] {processor.py:830} INFO - Processing file /opt/airflow/dags/main.py for tasks to queue
[2024-07-04T02:47:42.250+0000] {logging_mixin.py:188} INFO - [2024-07-04T02:47:42.249+0000] {dagbag.py:545} INFO - Filling up the DagBag from /opt/airflow/dags/main.py
[2024-07-04T02:47:43.257+0000] {processor.py:840} INFO - DAG(s) 'Binance_ETL' retrieved from /opt/airflow/dags/main.py
[2024-07-04T02:47:43.285+0000] {logging_mixin.py:188} INFO - [2024-07-04T02:47:43.285+0000] {dag.py:3096} INFO - Sync 1 DAGs
[2024-07-04T02:47:43.310+0000] {logging_mixin.py:188} INFO - [2024-07-04T02:47:43.310+0000] {dag.py:3954} INFO - Setting next_dagrun for Binance_ETL to 2024-07-04 00:00:00+00:00, run_after=2024-07-05 00:00:00+00:00
[2024-07-04T02:47:43.333+0000] {processor.py:183} INFO - Processing /opt/airflow/dags/main.py took 1.114 seconds
[2024-07-04T02:48:13.452+0000] {processor.py:161} INFO - Started process (PID=119) to work on /opt/airflow/dags/main.py
[2024-07-04T02:48:13.457+0000] {processor.py:830} INFO - Processing file /opt/airflow/dags/main.py for tasks to queue
[2024-07-04T02:48:13.460+0000] {logging_mixin.py:188} INFO - [2024-07-04T02:48:13.459+0000] {dagbag.py:545} INFO - Filling up the DagBag from /opt/airflow/dags/main.py
[2024-07-04T02:48:14.351+0000] {processor.py:840} INFO - DAG(s) 'Binance_ETL' retrieved from /opt/airflow/dags/main.py
[2024-07-04T02:48:14.376+0000] {logging_mixin.py:188} INFO - [2024-07-04T02:48:14.375+0000] {dag.py:3096} INFO - Sync 1 DAGs
[2024-07-04T02:48:14.395+0000] {logging_mixin.py:188} INFO - [2024-07-04T02:48:14.395+0000] {dag.py:3954} INFO - Setting next_dagrun for Binance_ETL to 2024-07-04 00:00:00+00:00, run_after=2024-07-05 00:00:00+00:00
[2024-07-04T02:48:14.416+0000] {processor.py:183} INFO - Processing /opt/airflow/dags/main.py took 0.976 seconds
[2024-07-04T02:49:50.555+0000] {processor.py:161} INFO - Started process (PID=49) to work on /opt/airflow/dags/main.py
[2024-07-04T02:49:50.564+0000] {processor.py:830} INFO - Processing file /opt/airflow/dags/main.py for tasks to queue
[2024-07-04T02:49:50.567+0000] {logging_mixin.py:188} INFO - [2024-07-04T02:49:50.566+0000] {dagbag.py:545} INFO - Filling up the DagBag from /opt/airflow/dags/main.py
[2024-07-04T02:49:52.245+0000] {processor.py:840} INFO - DAG(s) 'Binance_ETL' retrieved from /opt/airflow/dags/main.py
[2024-07-04T02:49:52.438+0000] {logging_mixin.py:188} INFO - [2024-07-04T02:49:52.438+0000] {dag.py:3096} INFO - Sync 1 DAGs
[2024-07-04T02:49:52.474+0000] {logging_mixin.py:188} INFO - [2024-07-04T02:49:52.474+0000] {dag.py:3954} INFO - Setting next_dagrun for Binance_ETL to 2024-07-04 00:00:00+00:00, run_after=2024-07-05 00:00:00+00:00
[2024-07-04T02:49:52.521+0000] {processor.py:183} INFO - Processing /opt/airflow/dags/main.py took 1.983 seconds
[2024-07-04T02:50:22.756+0000] {processor.py:161} INFO - Started process (PID=58) to work on /opt/airflow/dags/main.py
[2024-07-04T02:50:22.760+0000] {processor.py:830} INFO - Processing file /opt/airflow/dags/main.py for tasks to queue
[2024-07-04T02:50:22.762+0000] {logging_mixin.py:188} INFO - [2024-07-04T02:50:22.762+0000] {dagbag.py:545} INFO - Filling up the DagBag from /opt/airflow/dags/main.py
[2024-07-04T02:50:23.708+0000] {processor.py:840} INFO - DAG(s) 'Binance_ETL' retrieved from /opt/airflow/dags/main.py
[2024-07-04T02:50:23.731+0000] {logging_mixin.py:188} INFO - [2024-07-04T02:50:23.730+0000] {dag.py:3096} INFO - Sync 1 DAGs
[2024-07-04T02:50:23.766+0000] {logging_mixin.py:188} INFO - [2024-07-04T02:50:23.766+0000] {dag.py:3954} INFO - Setting next_dagrun for Binance_ETL to 2024-07-04 00:00:00+00:00, run_after=2024-07-05 00:00:00+00:00
[2024-07-04T02:50:23.798+0000] {processor.py:183} INFO - Processing /opt/airflow/dags/main.py took 1.048 seconds
[2024-07-04T02:50:53.993+0000] {processor.py:161} INFO - Started process (PID=73) to work on /opt/airflow/dags/main.py
[2024-07-04T02:50:54.003+0000] {processor.py:830} INFO - Processing file /opt/airflow/dags/main.py for tasks to queue
[2024-07-04T02:50:54.006+0000] {logging_mixin.py:188} INFO - [2024-07-04T02:50:54.005+0000] {dagbag.py:545} INFO - Filling up the DagBag from /opt/airflow/dags/main.py
[2024-07-04T02:50:54.898+0000] {processor.py:840} INFO - DAG(s) 'Binance_ETL' retrieved from /opt/airflow/dags/main.py
[2024-07-04T02:50:54.921+0000] {logging_mixin.py:188} INFO - [2024-07-04T02:50:54.921+0000] {dag.py:3096} INFO - Sync 1 DAGs
[2024-07-04T02:50:54.941+0000] {logging_mixin.py:188} INFO - [2024-07-04T02:50:54.940+0000] {dag.py:3954} INFO - Setting next_dagrun for Binance_ETL to 2024-07-04 00:00:00+00:00, run_after=2024-07-05 00:00:00+00:00
[2024-07-04T02:50:54.967+0000] {processor.py:183} INFO - Processing /opt/airflow/dags/main.py took 0.990 seconds
[2024-07-04T02:51:25.236+0000] {processor.py:161} INFO - Started process (PID=82) to work on /opt/airflow/dags/main.py
[2024-07-04T02:51:25.252+0000] {processor.py:830} INFO - Processing file /opt/airflow/dags/main.py for tasks to queue
[2024-07-04T02:51:25.260+0000] {logging_mixin.py:188} INFO - [2024-07-04T02:51:25.259+0000] {dagbag.py:545} INFO - Filling up the DagBag from /opt/airflow/dags/main.py
[2024-07-04T02:51:26.268+0000] {processor.py:840} INFO - DAG(s) 'Binance_ETL' retrieved from /opt/airflow/dags/main.py
[2024-07-04T02:51:26.293+0000] {logging_mixin.py:188} INFO - [2024-07-04T02:51:26.293+0000] {dag.py:3096} INFO - Sync 1 DAGs
[2024-07-04T02:51:26.314+0000] {logging_mixin.py:188} INFO - [2024-07-04T02:51:26.314+0000] {dag.py:3954} INFO - Setting next_dagrun for Binance_ETL to 2024-07-04 00:00:00+00:00, run_after=2024-07-05 00:00:00+00:00
[2024-07-04T02:51:26.353+0000] {processor.py:183} INFO - Processing /opt/airflow/dags/main.py took 1.142 seconds
[2024-07-04T02:51:56.434+0000] {processor.py:161} INFO - Started process (PID=90) to work on /opt/airflow/dags/main.py
[2024-07-04T02:51:56.448+0000] {processor.py:830} INFO - Processing file /opt/airflow/dags/main.py for tasks to queue
[2024-07-04T02:51:56.454+0000] {logging_mixin.py:188} INFO - [2024-07-04T02:51:56.453+0000] {dagbag.py:545} INFO - Filling up the DagBag from /opt/airflow/dags/main.py
[2024-07-04T02:51:57.438+0000] {processor.py:840} INFO - DAG(s) 'Binance_ETL' retrieved from /opt/airflow/dags/main.py
[2024-07-04T02:51:57.462+0000] {logging_mixin.py:188} INFO - [2024-07-04T02:51:57.461+0000] {dag.py:3096} INFO - Sync 1 DAGs
[2024-07-04T02:51:57.481+0000] {logging_mixin.py:188} INFO - [2024-07-04T02:51:57.481+0000] {dag.py:3954} INFO - Setting next_dagrun for Binance_ETL to 2024-07-04 00:00:00+00:00, run_after=2024-07-05 00:00:00+00:00
[2024-07-04T02:51:57.510+0000] {processor.py:183} INFO - Processing /opt/airflow/dags/main.py took 1.092 seconds
[2024-07-04T02:52:27.646+0000] {processor.py:161} INFO - Started process (PID=98) to work on /opt/airflow/dags/main.py
[2024-07-04T02:52:27.658+0000] {processor.py:830} INFO - Processing file /opt/airflow/dags/main.py for tasks to queue
[2024-07-04T02:52:27.660+0000] {logging_mixin.py:188} INFO - [2024-07-04T02:52:27.660+0000] {dagbag.py:545} INFO - Filling up the DagBag from /opt/airflow/dags/main.py
[2024-07-04T02:52:28.582+0000] {processor.py:840} INFO - DAG(s) 'Binance_ETL' retrieved from /opt/airflow/dags/main.py
[2024-07-04T02:52:28.605+0000] {logging_mixin.py:188} INFO - [2024-07-04T02:52:28.605+0000] {dag.py:3096} INFO - Sync 1 DAGs
[2024-07-04T02:52:28.631+0000] {logging_mixin.py:188} INFO - [2024-07-04T02:52:28.631+0000] {dag.py:3954} INFO - Setting next_dagrun for Binance_ETL to 2024-07-04 00:00:00+00:00, run_after=2024-07-05 00:00:00+00:00
[2024-07-04T02:52:28.661+0000] {processor.py:183} INFO - Processing /opt/airflow/dags/main.py took 1.030 seconds
[2024-07-04T02:52:58.862+0000] {processor.py:161} INFO - Started process (PID=107) to work on /opt/airflow/dags/main.py
[2024-07-04T02:52:58.875+0000] {processor.py:830} INFO - Processing file /opt/airflow/dags/main.py for tasks to queue
[2024-07-04T02:52:58.878+0000] {logging_mixin.py:188} INFO - [2024-07-04T02:52:58.878+0000] {dagbag.py:545} INFO - Filling up the DagBag from /opt/airflow/dags/main.py
[2024-07-04T02:52:59.835+0000] {processor.py:840} INFO - DAG(s) 'Binance_ETL' retrieved from /opt/airflow/dags/main.py
[2024-07-04T02:52:59.858+0000] {logging_mixin.py:188} INFO - [2024-07-04T02:52:59.857+0000] {dag.py:3096} INFO - Sync 1 DAGs
[2024-07-04T02:52:59.878+0000] {logging_mixin.py:188} INFO - [2024-07-04T02:52:59.878+0000] {dag.py:3954} INFO - Setting next_dagrun for Binance_ETL to 2024-07-04 00:00:00+00:00, run_after=2024-07-05 00:00:00+00:00
[2024-07-04T02:52:59.906+0000] {processor.py:183} INFO - Processing /opt/airflow/dags/main.py took 1.057 seconds
[2024-07-04T02:53:30.095+0000] {processor.py:161} INFO - Started process (PID=116) to work on /opt/airflow/dags/main.py
[2024-07-04T02:53:30.108+0000] {processor.py:830} INFO - Processing file /opt/airflow/dags/main.py for tasks to queue
[2024-07-04T02:53:30.110+0000] {logging_mixin.py:188} INFO - [2024-07-04T02:53:30.110+0000] {dagbag.py:545} INFO - Filling up the DagBag from /opt/airflow/dags/main.py
[2024-07-04T02:53:31.032+0000] {processor.py:840} INFO - DAG(s) 'Binance_ETL' retrieved from /opt/airflow/dags/main.py
[2024-07-04T02:53:31.055+0000] {logging_mixin.py:188} INFO - [2024-07-04T02:53:31.055+0000] {dag.py:3096} INFO - Sync 1 DAGs
[2024-07-04T02:53:31.075+0000] {logging_mixin.py:188} INFO - [2024-07-04T02:53:31.075+0000] {dag.py:3954} INFO - Setting next_dagrun for Binance_ETL to 2024-07-04 00:00:00+00:00, run_after=2024-07-05 00:00:00+00:00
[2024-07-04T02:53:31.103+0000] {processor.py:183} INFO - Processing /opt/airflow/dags/main.py took 1.025 seconds
[2024-07-04T02:54:01.384+0000] {processor.py:161} INFO - Started process (PID=125) to work on /opt/airflow/dags/main.py
[2024-07-04T02:54:01.395+0000] {processor.py:830} INFO - Processing file /opt/airflow/dags/main.py for tasks to queue
[2024-07-04T02:54:01.399+0000] {logging_mixin.py:188} INFO - [2024-07-04T02:54:01.399+0000] {dagbag.py:545} INFO - Filling up the DagBag from /opt/airflow/dags/main.py
[2024-07-04T02:54:02.316+0000] {processor.py:840} INFO - DAG(s) 'Binance_ETL' retrieved from /opt/airflow/dags/main.py
[2024-07-04T02:54:02.341+0000] {logging_mixin.py:188} INFO - [2024-07-04T02:54:02.341+0000] {dag.py:3096} INFO - Sync 1 DAGs
[2024-07-04T02:54:02.365+0000] {logging_mixin.py:188} INFO - [2024-07-04T02:54:02.364+0000] {dag.py:3954} INFO - Setting next_dagrun for Binance_ETL to 2024-07-04 00:00:00+00:00, run_after=2024-07-05 00:00:00+00:00
[2024-07-04T02:54:02.397+0000] {processor.py:183} INFO - Processing /opt/airflow/dags/main.py took 1.035 seconds
[2024-07-04T02:55:19.247+0000] {processor.py:161} INFO - Started process (PID=47) to work on /opt/airflow/dags/main.py
[2024-07-04T02:55:19.251+0000] {processor.py:830} INFO - Processing file /opt/airflow/dags/main.py for tasks to queue
[2024-07-04T02:55:19.255+0000] {logging_mixin.py:188} INFO - [2024-07-04T02:55:19.254+0000] {dagbag.py:545} INFO - Filling up the DagBag from /opt/airflow/dags/main.py
[2024-07-04T02:55:21.178+0000] {processor.py:840} INFO - DAG(s) 'Binance_ETL' retrieved from /opt/airflow/dags/main.py
[2024-07-04T02:55:21.420+0000] {logging_mixin.py:188} INFO - [2024-07-04T02:55:21.419+0000] {dag.py:3096} INFO - Sync 1 DAGs
[2024-07-04T02:55:21.466+0000] {logging_mixin.py:188} INFO - [2024-07-04T02:55:21.466+0000] {dag.py:3954} INFO - Setting next_dagrun for Binance_ETL to 2024-07-04 00:00:00+00:00, run_after=2024-07-05 00:00:00+00:00
[2024-07-04T02:55:21.529+0000] {processor.py:183} INFO - Processing /opt/airflow/dags/main.py took 2.320 seconds
[2024-07-04T02:55:51.582+0000] {processor.py:161} INFO - Started process (PID=55) to work on /opt/airflow/dags/main.py
[2024-07-04T02:55:51.601+0000] {processor.py:830} INFO - Processing file /opt/airflow/dags/main.py for tasks to queue
[2024-07-04T02:55:51.608+0000] {logging_mixin.py:188} INFO - [2024-07-04T02:55:51.607+0000] {dagbag.py:545} INFO - Filling up the DagBag from /opt/airflow/dags/main.py
[2024-07-04T02:55:52.720+0000] {processor.py:840} INFO - DAG(s) 'Binance_ETL' retrieved from /opt/airflow/dags/main.py
[2024-07-04T02:55:52.751+0000] {logging_mixin.py:188} INFO - [2024-07-04T02:55:52.750+0000] {dag.py:3096} INFO - Sync 1 DAGs
[2024-07-04T02:55:52.774+0000] {logging_mixin.py:188} INFO - [2024-07-04T02:55:52.774+0000] {dag.py:3954} INFO - Setting next_dagrun for Binance_ETL to 2024-07-04 00:00:00+00:00, run_after=2024-07-05 00:00:00+00:00
[2024-07-04T02:55:52.813+0000] {processor.py:183} INFO - Processing /opt/airflow/dags/main.py took 1.238 seconds
[2024-07-04T02:56:22.914+0000] {processor.py:161} INFO - Started process (PID=70) to work on /opt/airflow/dags/main.py
[2024-07-04T02:56:22.934+0000] {processor.py:830} INFO - Processing file /opt/airflow/dags/main.py for tasks to queue
[2024-07-04T02:56:22.935+0000] {logging_mixin.py:188} INFO - [2024-07-04T02:56:22.935+0000] {dagbag.py:545} INFO - Filling up the DagBag from /opt/airflow/dags/main.py
[2024-07-04T02:56:24.018+0000] {processor.py:840} INFO - DAG(s) 'Binance_ETL' retrieved from /opt/airflow/dags/main.py
[2024-07-04T02:56:24.043+0000] {logging_mixin.py:188} INFO - [2024-07-04T02:56:24.043+0000] {dag.py:3096} INFO - Sync 1 DAGs
[2024-07-04T02:56:24.065+0000] {logging_mixin.py:188} INFO - [2024-07-04T02:56:24.065+0000] {dag.py:3954} INFO - Setting next_dagrun for Binance_ETL to 2024-07-04 00:00:00+00:00, run_after=2024-07-05 00:00:00+00:00
[2024-07-04T02:56:24.085+0000] {processor.py:183} INFO - Processing /opt/airflow/dags/main.py took 1.177 seconds
[2024-07-04T02:56:54.221+0000] {processor.py:161} INFO - Started process (PID=79) to work on /opt/airflow/dags/main.py
[2024-07-04T02:56:54.222+0000] {processor.py:830} INFO - Processing file /opt/airflow/dags/main.py for tasks to queue
[2024-07-04T02:56:54.226+0000] {logging_mixin.py:188} INFO - [2024-07-04T02:56:54.225+0000] {dagbag.py:545} INFO - Filling up the DagBag from /opt/airflow/dags/main.py
[2024-07-04T02:56:55.147+0000] {processor.py:840} INFO - DAG(s) 'Binance_ETL' retrieved from /opt/airflow/dags/main.py
[2024-07-04T02:56:55.171+0000] {logging_mixin.py:188} INFO - [2024-07-04T02:56:55.170+0000] {dag.py:3096} INFO - Sync 1 DAGs
[2024-07-04T02:56:55.204+0000] {logging_mixin.py:188} INFO - [2024-07-04T02:56:55.204+0000] {dag.py:3954} INFO - Setting next_dagrun for Binance_ETL to 2024-07-04 00:00:00+00:00, run_after=2024-07-05 00:00:00+00:00
[2024-07-04T02:56:55.232+0000] {processor.py:183} INFO - Processing /opt/airflow/dags/main.py took 1.020 seconds
[2024-07-04T02:57:25.409+0000] {processor.py:161} INFO - Started process (PID=88) to work on /opt/airflow/dags/main.py
[2024-07-04T02:57:25.432+0000] {processor.py:830} INFO - Processing file /opt/airflow/dags/main.py for tasks to queue
[2024-07-04T02:57:25.438+0000] {logging_mixin.py:188} INFO - [2024-07-04T02:57:25.436+0000] {dagbag.py:545} INFO - Filling up the DagBag from /opt/airflow/dags/main.py
[2024-07-04T02:57:26.726+0000] {processor.py:840} INFO - DAG(s) 'Binance_ETL' retrieved from /opt/airflow/dags/main.py
[2024-07-04T02:57:26.752+0000] {logging_mixin.py:188} INFO - [2024-07-04T02:57:26.752+0000] {dag.py:3096} INFO - Sync 1 DAGs
[2024-07-04T02:57:26.775+0000] {logging_mixin.py:188} INFO - [2024-07-04T02:57:26.775+0000] {dag.py:3954} INFO - Setting next_dagrun for Binance_ETL to 2024-07-04 00:00:00+00:00, run_after=2024-07-05 00:00:00+00:00
[2024-07-04T02:57:26.827+0000] {processor.py:183} INFO - Processing /opt/airflow/dags/main.py took 1.427 seconds
[2024-07-04T02:57:57.061+0000] {processor.py:161} INFO - Started process (PID=96) to work on /opt/airflow/dags/main.py
[2024-07-04T02:57:57.086+0000] {processor.py:830} INFO - Processing file /opt/airflow/dags/main.py for tasks to queue
[2024-07-04T02:57:57.093+0000] {logging_mixin.py:188} INFO - [2024-07-04T02:57:57.092+0000] {dagbag.py:545} INFO - Filling up the DagBag from /opt/airflow/dags/main.py
[2024-07-04T02:57:58.048+0000] {processor.py:840} INFO - DAG(s) 'Binance_ETL' retrieved from /opt/airflow/dags/main.py
[2024-07-04T02:57:58.078+0000] {logging_mixin.py:188} INFO - [2024-07-04T02:57:58.078+0000] {dag.py:3096} INFO - Sync 1 DAGs
[2024-07-04T02:57:58.100+0000] {logging_mixin.py:188} INFO - [2024-07-04T02:57:58.099+0000] {dag.py:3954} INFO - Setting next_dagrun for Binance_ETL to 2024-07-04 00:00:00+00:00, run_after=2024-07-05 00:00:00+00:00
[2024-07-04T02:57:58.117+0000] {processor.py:183} INFO - Processing /opt/airflow/dags/main.py took 1.071 seconds
[2024-07-04T02:58:28.276+0000] {processor.py:161} INFO - Started process (PID=104) to work on /opt/airflow/dags/main.py
[2024-07-04T02:58:28.301+0000] {processor.py:830} INFO - Processing file /opt/airflow/dags/main.py for tasks to queue
[2024-07-04T02:58:28.305+0000] {logging_mixin.py:188} INFO - [2024-07-04T02:58:28.304+0000] {dagbag.py:545} INFO - Filling up the DagBag from /opt/airflow/dags/main.py
[2024-07-04T02:58:29.236+0000] {processor.py:840} INFO - DAG(s) 'Binance_ETL' retrieved from /opt/airflow/dags/main.py
[2024-07-04T02:58:29.259+0000] {logging_mixin.py:188} INFO - [2024-07-04T02:58:29.259+0000] {dag.py:3096} INFO - Sync 1 DAGs
[2024-07-04T02:58:29.285+0000] {logging_mixin.py:188} INFO - [2024-07-04T02:58:29.285+0000] {dag.py:3954} INFO - Setting next_dagrun for Binance_ETL to 2024-07-04 00:00:00+00:00, run_after=2024-07-05 00:00:00+00:00
[2024-07-04T02:58:29.337+0000] {processor.py:183} INFO - Processing /opt/airflow/dags/main.py took 1.081 seconds
[2024-07-04T02:58:59.558+0000] {processor.py:161} INFO - Started process (PID=113) to work on /opt/airflow/dags/main.py
[2024-07-04T02:58:59.586+0000] {processor.py:830} INFO - Processing file /opt/airflow/dags/main.py for tasks to queue
[2024-07-04T02:58:59.595+0000] {logging_mixin.py:188} INFO - [2024-07-04T02:58:59.593+0000] {dagbag.py:545} INFO - Filling up the DagBag from /opt/airflow/dags/main.py
[2024-07-04T02:59:00.585+0000] {processor.py:840} INFO - DAG(s) 'Binance_ETL' retrieved from /opt/airflow/dags/main.py
[2024-07-04T02:59:00.609+0000] {logging_mixin.py:188} INFO - [2024-07-04T02:59:00.608+0000] {dag.py:3096} INFO - Sync 1 DAGs
[2024-07-04T02:59:00.628+0000] {logging_mixin.py:188} INFO - [2024-07-04T02:59:00.628+0000] {dag.py:3954} INFO - Setting next_dagrun for Binance_ETL to 2024-07-04 00:00:00+00:00, run_after=2024-07-05 00:00:00+00:00
[2024-07-04T02:59:00.671+0000] {processor.py:183} INFO - Processing /opt/airflow/dags/main.py took 1.140 seconds
[2024-07-04T02:59:30.763+0000] {processor.py:161} INFO - Started process (PID=122) to work on /opt/airflow/dags/main.py
[2024-07-04T02:59:30.767+0000] {processor.py:830} INFO - Processing file /opt/airflow/dags/main.py for tasks to queue
[2024-07-04T02:59:30.769+0000] {logging_mixin.py:188} INFO - [2024-07-04T02:59:30.768+0000] {dagbag.py:545} INFO - Filling up the DagBag from /opt/airflow/dags/main.py
[2024-07-04T02:59:31.684+0000] {processor.py:840} INFO - DAG(s) 'Binance_ETL' retrieved from /opt/airflow/dags/main.py
[2024-07-04T02:59:31.707+0000] {logging_mixin.py:188} INFO - [2024-07-04T02:59:31.707+0000] {dag.py:3096} INFO - Sync 1 DAGs
[2024-07-04T02:59:31.726+0000] {logging_mixin.py:188} INFO - [2024-07-04T02:59:31.726+0000] {dag.py:3954} INFO - Setting next_dagrun for Binance_ETL to 2024-07-04 00:00:00+00:00, run_after=2024-07-05 00:00:00+00:00
[2024-07-04T02:59:31.745+0000] {processor.py:183} INFO - Processing /opt/airflow/dags/main.py took 0.991 seconds
[2024-07-04T03:00:01.992+0000] {processor.py:161} INFO - Started process (PID=130) to work on /opt/airflow/dags/main.py
[2024-07-04T03:00:01.998+0000] {processor.py:830} INFO - Processing file /opt/airflow/dags/main.py for tasks to queue
[2024-07-04T03:00:02.006+0000] {logging_mixin.py:188} INFO - [2024-07-04T03:00:02.004+0000] {dagbag.py:545} INFO - Filling up the DagBag from /opt/airflow/dags/main.py
[2024-07-04T03:00:02.932+0000] {processor.py:840} INFO - DAG(s) 'Binance_ETL' retrieved from /opt/airflow/dags/main.py
[2024-07-04T03:00:02.955+0000] {logging_mixin.py:188} INFO - [2024-07-04T03:00:02.954+0000] {dag.py:3096} INFO - Sync 1 DAGs
[2024-07-04T03:00:02.975+0000] {logging_mixin.py:188} INFO - [2024-07-04T03:00:02.975+0000] {dag.py:3954} INFO - Setting next_dagrun for Binance_ETL to 2024-07-04 00:00:00+00:00, run_after=2024-07-05 00:00:00+00:00
[2024-07-04T03:00:02.996+0000] {processor.py:183} INFO - Processing /opt/airflow/dags/main.py took 1.025 seconds
