[2024-07-05T22:53:03.556+0000] {local_task_job_runner.py:120} INFO - ::group::Pre task execution logs
[2024-07-05T22:53:03.588+0000] {taskinstance.py:2076} INFO - Dependencies all met for dep_context=non-requeueable deps ti=<TaskInstance: Binance_ETL.load_data manual__2024-07-05T22:52:52.263150+00:00 [queued]>
[2024-07-05T22:53:03.600+0000] {taskinstance.py:2076} INFO - Dependencies all met for dep_context=requeueable deps ti=<TaskInstance: Binance_ETL.load_data manual__2024-07-05T22:52:52.263150+00:00 [queued]>
[2024-07-05T22:53:03.601+0000] {taskinstance.py:2306} INFO - Starting attempt 1 of 6
[2024-07-05T22:53:03.627+0000] {taskinstance.py:2330} INFO - Executing <Task(PythonOperator): load_data> on 2024-07-05 22:52:52.263150+00:00
[2024-07-05T22:53:03.641+0000] {warnings.py:112} WARNING - /home/***/.local/lib/python3.12/site-packages/***/task/task_runner/standard_task_runner.py:61: DeprecationWarning: This process (pid=731) is multi-threaded, use of fork() may lead to deadlocks in the child.
  pid = os.fork()

[2024-07-05T22:53:03.643+0000] {standard_task_runner.py:63} INFO - Started process 734 to run task
[2024-07-05T22:53:03.644+0000] {standard_task_runner.py:90} INFO - Running: ['***', 'tasks', 'run', 'Binance_ETL', 'load_data', 'manual__2024-07-05T22:52:52.263150+00:00', '--job-id', '69', '--raw', '--subdir', 'DAGS_FOLDER/main.py', '--cfg-path', '/tmp/tmpfksbu_bs']
[2024-07-05T22:53:03.652+0000] {standard_task_runner.py:91} INFO - Job 69: Subtask load_data
[2024-07-05T22:53:03.702+0000] {task_command.py:426} INFO - Running <TaskInstance: Binance_ETL.load_data manual__2024-07-05T22:52:52.263150+00:00 [running]> on host 857724e1ef46
[2024-07-05T22:53:03.836+0000] {taskinstance.py:2648} INFO - Exporting env vars: AIRFLOW_CTX_DAG_OWNER='Pabloing' AIRFLOW_CTX_DAG_ID='Binance_ETL' AIRFLOW_CTX_TASK_ID='load_data' AIRFLOW_CTX_EXECUTION_DATE='2024-07-05T22:52:52.263150+00:00' AIRFLOW_CTX_TRY_NUMBER='1' AIRFLOW_CTX_DAG_RUN_ID='manual__2024-07-05T22:52:52.263150+00:00'
[2024-07-05T22:53:03.837+0000] {taskinstance.py:430} INFO - ::endgroup::
[2024-07-05T22:53:03.857+0000] {logging_mixin.py:188} INFO - load_data_execution
[2024-07-05T22:53:03.857+0000] {taskinstance.py:441} INFO - ::group::Post task execution logs
[2024-07-05T22:53:03.858+0000] {taskinstance.py:2905} ERROR - Task failed with exception
Traceback (most recent call last):
  File "/home/airflow/.local/lib/python3.12/site-packages/airflow/models/taskinstance.py", line 465, in _execute_task
    result = _execute_callable(context=context, **execute_callable_kwargs)
             ^^^^^^^^^^^^^^^^^^^^^^^^^^^^^^^^^^^^^^^^^^^^^^^^^^^^^^^^^^^^^
  File "/home/airflow/.local/lib/python3.12/site-packages/airflow/models/taskinstance.py", line 432, in _execute_callable
    return execute_callable(context=context, **execute_callable_kwargs)
           ^^^^^^^^^^^^^^^^^^^^^^^^^^^^^^^^^^^^^^^^^^^^^^^^^^^^^^^^^^^^
  File "/home/airflow/.local/lib/python3.12/site-packages/airflow/models/baseoperator.py", line 401, in wrapper
    return func(self, *args, **kwargs)
           ^^^^^^^^^^^^^^^^^^^^^^^^^^^
  File "/home/airflow/.local/lib/python3.12/site-packages/airflow/operators/python.py", line 235, in execute
    return_value = self.execute_callable()
                   ^^^^^^^^^^^^^^^^^^^^^^^
  File "/home/airflow/.local/lib/python3.12/site-packages/airflow/operators/python.py", line 252, in execute_callable
    return self.python_callable(*self.op_args, **self.op_kwargs)
           ^^^^^^^^^^^^^^^^^^^^^^^^^^^^^^^^^^^^^^^^^^^^^^^^^^^^^
  File "/opt/airflow/dags/utils.py", line 70, in load_data
    database.load(clean_data, 'bitcoin_candles')
                  ^^^^^^^^^^
NameError: name 'clean_data' is not defined. Did you mean: 'load_data'?
[2024-07-05T22:53:03.874+0000] {taskinstance.py:1206} INFO - Marking task as UP_FOR_RETRY. dag_id=Binance_ETL, task_id=load_data, run_id=manual__2024-07-05T22:52:52.263150+00:00, execution_date=20240705T225252, start_date=20240705T225303, end_date=20240705T225303
[2024-07-05T22:53:03.896+0000] {standard_task_runner.py:110} ERROR - Failed to execute job 69 for task load_data (name 'clean_data' is not defined; 734)
[2024-07-05T22:53:03.938+0000] {local_task_job_runner.py:240} INFO - Task exited with return code 1
[2024-07-05T22:53:03.987+0000] {taskinstance.py:3503} INFO - 0 downstream tasks scheduled from follow-on schedule check
[2024-07-05T22:53:03.996+0000] {local_task_job_runner.py:222} INFO - ::endgroup::
