[2024-07-05T23:04:05.025+0000] {local_task_job_runner.py:120} INFO - ::group::Pre task execution logs
[2024-07-05T23:04:05.068+0000] {taskinstance.py:2076} INFO - Dependencies all met for dep_context=non-requeueable deps ti=<TaskInstance: Binance_ETL.transform_data manual__2024-07-05T23:03:56.052430+00:00 [queued]>
[2024-07-05T23:04:05.083+0000] {taskinstance.py:2076} INFO - Dependencies all met for dep_context=requeueable deps ti=<TaskInstance: Binance_ETL.transform_data manual__2024-07-05T23:03:56.052430+00:00 [queued]>
[2024-07-05T23:04:05.083+0000] {taskinstance.py:2306} INFO - Starting attempt 1 of 6
[2024-07-05T23:04:05.109+0000] {taskinstance.py:2330} INFO - Executing <Task(PythonOperator): transform_data> on 2024-07-05 23:03:56.052430+00:00
[2024-07-05T23:04:05.124+0000] {warnings.py:112} WARNING - /home/***/.local/lib/python3.12/site-packages/***/task/task_runner/standard_task_runner.py:61: DeprecationWarning: This process (pid=899) is multi-threaded, use of fork() may lead to deadlocks in the child.
  pid = os.fork()

[2024-07-05T23:04:05.127+0000] {standard_task_runner.py:63} INFO - Started process 904 to run task
[2024-07-05T23:04:05.124+0000] {standard_task_runner.py:90} INFO - Running: ['***', 'tasks', 'run', 'Binance_ETL', 'transform_data', 'manual__2024-07-05T23:03:56.052430+00:00', '--job-id', '79', '--raw', '--subdir', 'DAGS_FOLDER/main.py', '--cfg-path', '/tmp/tmpwg7aukn8']
[2024-07-05T23:04:05.129+0000] {standard_task_runner.py:91} INFO - Job 79: Subtask transform_data
[2024-07-05T23:04:05.275+0000] {task_command.py:426} INFO - Running <TaskInstance: Binance_ETL.transform_data manual__2024-07-05T23:03:56.052430+00:00 [running]> on host 857724e1ef46
[2024-07-05T23:04:05.482+0000] {taskinstance.py:2648} INFO - Exporting env vars: AIRFLOW_CTX_DAG_OWNER='Pabloing' AIRFLOW_CTX_DAG_ID='Binance_ETL' AIRFLOW_CTX_TASK_ID='transform_data' AIRFLOW_CTX_EXECUTION_DATE='2024-07-05T23:03:56.052430+00:00' AIRFLOW_CTX_TRY_NUMBER='1' AIRFLOW_CTX_DAG_RUN_ID='manual__2024-07-05T23:03:56.052430+00:00'
[2024-07-05T23:04:05.484+0000] {taskinstance.py:430} INFO - ::endgroup::
[2024-07-05T23:04:05.504+0000] {logging_mixin.py:188} INFO - transform_data_execution
[2024-07-05T23:04:05.542+0000] {logging_mixin.py:188} INFO -     open_time  open_price  ...               close_time   trades
0  2024-07-05    57050.02  ...  2024-07-05 23:59:59.999  3708103

[1 rows x 8 columns]
[2024-07-05T23:04:05.548+0000] {classes.py:73} INFO - Clean process has done
[2024-07-05T23:04:05.552+0000] {logging_mixin.py:188} INFO - Data saved
[2024-07-05T23:04:05.572+0000] {logging_mixin.py:188} INFO -     open_time  open_price  ...               close_time   trades
0  2024-07-05    57050.02  ...  2024-07-05 23:59:59.999  3708103

[1 rows x 8 columns]
[2024-07-05T23:04:05.574+0000] {python.py:237} INFO - Done. Returned value was: None
[2024-07-05T23:04:05.575+0000] {taskinstance.py:441} INFO - ::group::Post task execution logs
[2024-07-05T23:04:05.595+0000] {taskinstance.py:1206} INFO - Marking task as SUCCESS. dag_id=Binance_ETL, task_id=transform_data, run_id=manual__2024-07-05T23:03:56.052430+00:00, execution_date=20240705T230356, start_date=20240705T230405, end_date=20240705T230405
[2024-07-05T23:04:05.674+0000] {local_task_job_runner.py:240} INFO - Task exited with return code 0
[2024-07-05T23:04:05.715+0000] {taskinstance.py:3503} INFO - 1 downstream tasks scheduled from follow-on schedule check
[2024-07-05T23:04:05.726+0000] {local_task_job_runner.py:222} INFO - ::endgroup::
