[2024-07-04T02:56:00.637+0000] {local_task_job_runner.py:120} INFO - ::group::Pre task execution logs
[2024-07-04T02:56:00.667+0000] {taskinstance.py:2076} INFO - Dependencies all met for dep_context=non-requeueable deps ti=<TaskInstance: Binance_ETL.extract_data manual__2024-07-04T02:55:58.658174+00:00 [queued]>
[2024-07-04T02:56:00.678+0000] {taskinstance.py:2076} INFO - Dependencies all met for dep_context=requeueable deps ti=<TaskInstance: Binance_ETL.extract_data manual__2024-07-04T02:55:58.658174+00:00 [queued]>
[2024-07-04T02:56:00.679+0000] {taskinstance.py:2306} INFO - Starting attempt 1 of 6
[2024-07-04T02:56:00.697+0000] {taskinstance.py:2330} INFO - Executing <Task(PythonOperator): extract_data> on 2024-07-04 02:55:58.658174+00:00
[2024-07-04T02:56:00.705+0000] {warnings.py:112} WARNING - /home/***/.local/lib/python3.12/site-packages/***/task/task_runner/standard_task_runner.py:61: DeprecationWarning: This process (pid=69) is multi-threaded, use of fork() may lead to deadlocks in the child.
  pid = os.fork()

[2024-07-04T02:56:00.706+0000] {standard_task_runner.py:63} INFO - Started process 72 to run task
[2024-07-04T02:56:00.707+0000] {standard_task_runner.py:90} INFO - Running: ['***', 'tasks', 'run', 'Binance_ETL', 'extract_data', 'manual__2024-07-04T02:55:58.658174+00:00', '--job-id', '42', '--raw', '--subdir', 'DAGS_FOLDER/main.py', '--cfg-path', '/tmp/tmp05f6662q']
[2024-07-04T02:56:00.709+0000] {standard_task_runner.py:91} INFO - Job 42: Subtask extract_data
[2024-07-04T02:56:00.760+0000] {task_command.py:426} INFO - Running <TaskInstance: Binance_ETL.extract_data manual__2024-07-04T02:55:58.658174+00:00 [running]> on host 857724e1ef46
[2024-07-04T02:56:00.877+0000] {taskinstance.py:2648} INFO - Exporting env vars: AIRFLOW_CTX_DAG_OWNER='Pabloing' AIRFLOW_CTX_DAG_ID='Binance_ETL' AIRFLOW_CTX_TASK_ID='extract_data' AIRFLOW_CTX_EXECUTION_DATE='2024-07-04T02:55:58.658174+00:00' AIRFLOW_CTX_TRY_NUMBER='1' AIRFLOW_CTX_DAG_RUN_ID='manual__2024-07-04T02:55:58.658174+00:00'
[2024-07-04T02:56:00.878+0000] {taskinstance.py:430} INFO - ::endgroup::
[2024-07-04T02:56:00.894+0000] {logging_mixin.py:188} INFO - exctract_data_execution
[2024-07-04T02:56:01.751+0000] {classes.py:23} INFO - the API connection has been established
[2024-07-04T02:56:02.568+0000] {logging_mixin.py:188} INFO - [[1720051200000, '60208.57000000', '60498.19000000', '57800.01000000', '59040.70000000', '12422.16531000', 1720137599999, '731944008.44122630', 601274, '5723.65391000', '337060958.69627730', '0']]
[2024-07-04T02:56:02.569+0000] {logging_mixin.py:188} INFO - cambios
[2024-07-04T02:56:02.570+0000] {python.py:237} INFO - Done. Returned value was: None
[2024-07-04T02:56:02.571+0000] {taskinstance.py:441} INFO - ::group::Post task execution logs
[2024-07-04T02:56:02.588+0000] {taskinstance.py:1206} INFO - Marking task as SUCCESS. dag_id=Binance_ETL, task_id=extract_data, run_id=manual__2024-07-04T02:55:58.658174+00:00, execution_date=20240704T025558, start_date=20240704T025600, end_date=20240704T025602
[2024-07-04T02:56:02.647+0000] {local_task_job_runner.py:240} INFO - Task exited with return code 0
[2024-07-04T02:56:02.675+0000] {taskinstance.py:3503} INFO - 1 downstream tasks scheduled from follow-on schedule check
[2024-07-04T02:56:02.695+0000] {local_task_job_runner.py:222} INFO - ::endgroup::
