[2024-07-05T23:13:59.777+0000] {local_task_job_runner.py:120} INFO - ::group::Pre task execution logs
[2024-07-05T23:13:59.862+0000] {taskinstance.py:2076} INFO - Dependencies all met for dep_context=non-requeueable deps ti=<TaskInstance: Binance_ETL.extract_data manual__2024-07-05T23:13:56.581409+00:00 [queued]>
[2024-07-05T23:13:59.905+0000] {taskinstance.py:2076} INFO - Dependencies all met for dep_context=requeueable deps ti=<TaskInstance: Binance_ETL.extract_data manual__2024-07-05T23:13:56.581409+00:00 [queued]>
[2024-07-05T23:13:59.905+0000] {taskinstance.py:2306} INFO - Starting attempt 1 of 6
[2024-07-05T23:14:00.006+0000] {taskinstance.py:2330} INFO - Executing <Task(PythonOperator): extract_data> on 2024-07-05 23:13:56.581409+00:00
[2024-07-05T23:14:00.023+0000] {warnings.py:112} WARNING - /home/***/.local/lib/python3.12/site-packages/***/task/task_runner/standard_task_runner.py:61: DeprecationWarning: This process (pid=1107) is multi-threaded, use of fork() may lead to deadlocks in the child.
  pid = os.fork()

[2024-07-05T23:14:00.032+0000] {standard_task_runner.py:63} INFO - Started process 1110 to run task
[2024-07-05T23:14:00.026+0000] {standard_task_runner.py:90} INFO - Running: ['***', 'tasks', 'run', 'Binance_ETL', 'extract_data', 'manual__2024-07-05T23:13:56.581409+00:00', '--job-id', '92', '--raw', '--subdir', 'DAGS_FOLDER/main.py', '--cfg-path', '/tmp/tmpjb5__38z']
[2024-07-05T23:14:00.044+0000] {standard_task_runner.py:91} INFO - Job 92: Subtask extract_data
[2024-07-05T23:14:00.143+0000] {task_command.py:426} INFO - Running <TaskInstance: Binance_ETL.extract_data manual__2024-07-05T23:13:56.581409+00:00 [running]> on host 857724e1ef46
[2024-07-05T23:14:00.356+0000] {taskinstance.py:2648} INFO - Exporting env vars: AIRFLOW_CTX_DAG_OWNER='Pabloing' AIRFLOW_CTX_DAG_ID='Binance_ETL' AIRFLOW_CTX_TASK_ID='extract_data' AIRFLOW_CTX_EXECUTION_DATE='2024-07-05T23:13:56.581409+00:00' AIRFLOW_CTX_TRY_NUMBER='1' AIRFLOW_CTX_DAG_RUN_ID='manual__2024-07-05T23:13:56.581409+00:00'
[2024-07-05T23:14:00.360+0000] {taskinstance.py:430} INFO - ::endgroup::
[2024-07-05T23:14:00.393+0000] {logging_mixin.py:188} INFO - exctract_data_execution
[2024-07-05T23:14:00.978+0000] {classes.py:23} INFO - the API connection has been established
[2024-07-05T23:14:01.626+0000] {logging_mixin.py:188} INFO - [[1720137600000, '57050.02000000', '57546.00000000', '53485.93000000', '56749.99000000', '80744.15095000', 1720223999999, '4480766201.22554930', 3714709, '37647.58408000', '2088847323.88718570', '0']]
[2024-07-05T23:14:01.667+0000] {logging_mixin.py:188} INFO -    open_time  open_price  ...              close_time   trades
0 2024-07-05    57050.02  ... 2024-07-05 23:59:59.999  3714709

[1 rows x 8 columns]
[2024-07-05T23:14:01.672+0000] {logging_mixin.py:188} INFO - Data saved
[2024-07-05T23:14:01.673+0000] {python.py:237} INFO - Done. Returned value was: None
[2024-07-05T23:14:01.674+0000] {taskinstance.py:441} INFO - ::group::Post task execution logs
[2024-07-05T23:14:01.693+0000] {taskinstance.py:1206} INFO - Marking task as SUCCESS. dag_id=Binance_ETL, task_id=extract_data, run_id=manual__2024-07-05T23:13:56.581409+00:00, execution_date=20240705T231356, start_date=20240705T231359, end_date=20240705T231401
[2024-07-05T23:14:01.786+0000] {local_task_job_runner.py:240} INFO - Task exited with return code 0
[2024-07-05T23:14:01.866+0000] {taskinstance.py:3503} INFO - 1 downstream tasks scheduled from follow-on schedule check
[2024-07-05T23:14:01.904+0000] {local_task_job_runner.py:222} INFO - ::endgroup::
