[2024-07-04T02:29:31.830+0000] {local_task_job_runner.py:120} INFO - ::group::Pre task execution logs
[2024-07-04T02:29:31.879+0000] {taskinstance.py:2076} INFO - Dependencies all met for dep_context=non-requeueable deps ti=<TaskInstance: Binance_ETL.extract_data manual__2024-07-04T02:27:40.703630+00:00 [queued]>
[2024-07-04T02:29:31.893+0000] {taskinstance.py:2076} INFO - Dependencies all met for dep_context=requeueable deps ti=<TaskInstance: Binance_ETL.extract_data manual__2024-07-04T02:27:40.703630+00:00 [queued]>
[2024-07-04T02:29:31.893+0000] {taskinstance.py:2306} INFO - Starting attempt 1 of 6
[2024-07-04T02:29:31.930+0000] {taskinstance.py:2330} INFO - Executing <Task(PythonOperator): extract_data> on 2024-07-04 02:27:40.703630+00:00
[2024-07-04T02:29:31.940+0000] {warnings.py:112} WARNING - /home/***/.local/lib/python3.12/site-packages/***/task/task_runner/standard_task_runner.py:61: DeprecationWarning: This process (pid=60) is multi-threaded, use of fork() may lead to deadlocks in the child.
  pid = os.fork()

[2024-07-04T02:29:31.942+0000] {standard_task_runner.py:63} INFO - Started process 68 to run task
[2024-07-04T02:29:31.942+0000] {standard_task_runner.py:90} INFO - Running: ['***', 'tasks', 'run', 'Binance_ETL', 'extract_data', 'manual__2024-07-04T02:27:40.703630+00:00', '--job-id', '23', '--raw', '--subdir', 'DAGS_FOLDER/main.py', '--cfg-path', '/tmp/tmp_rti615f']
[2024-07-04T02:29:31.945+0000] {standard_task_runner.py:91} INFO - Job 23: Subtask extract_data
[2024-07-04T02:29:32.012+0000] {task_command.py:426} INFO - Running <TaskInstance: Binance_ETL.extract_data manual__2024-07-04T02:27:40.703630+00:00 [running]> on host 857724e1ef46
[2024-07-04T02:29:32.138+0000] {taskinstance.py:2648} INFO - Exporting env vars: AIRFLOW_CTX_DAG_OWNER='Pabloing' AIRFLOW_CTX_DAG_ID='Binance_ETL' AIRFLOW_CTX_TASK_ID='extract_data' AIRFLOW_CTX_EXECUTION_DATE='2024-07-04T02:27:40.703630+00:00' AIRFLOW_CTX_TRY_NUMBER='1' AIRFLOW_CTX_DAG_RUN_ID='manual__2024-07-04T02:27:40.703630+00:00'
[2024-07-04T02:29:32.140+0000] {taskinstance.py:430} INFO - ::endgroup::
[2024-07-04T02:29:32.159+0000] {logging_mixin.py:188} INFO - extract_data_execution
[2024-07-04T02:29:32.159+0000] {python.py:237} INFO - Done. Returned value was: None
[2024-07-04T02:29:32.160+0000] {taskinstance.py:441} INFO - ::group::Post task execution logs
[2024-07-04T02:29:32.173+0000] {taskinstance.py:1206} INFO - Marking task as SUCCESS. dag_id=Binance_ETL, task_id=extract_data, run_id=manual__2024-07-04T02:27:40.703630+00:00, execution_date=20240704T022740, start_date=20240704T022931, end_date=20240704T022932
[2024-07-04T02:29:32.236+0000] {local_task_job_runner.py:240} INFO - Task exited with return code 0
[2024-07-04T02:29:32.276+0000] {taskinstance.py:3503} INFO - 1 downstream tasks scheduled from follow-on schedule check
[2024-07-04T02:29:32.280+0000] {local_task_job_runner.py:222} INFO - ::endgroup::
