[2024-07-05T22:03:03.100+0000] {local_task_job_runner.py:120} INFO - ::group::Pre task execution logs
[2024-07-05T22:03:03.132+0000] {taskinstance.py:2076} INFO - Dependencies all met for dep_context=non-requeueable deps ti=<TaskInstance: Binance_ETL.transform_data manual__2024-07-04T02:50:37.342851+00:00 [queued]>
[2024-07-05T22:03:03.143+0000] {taskinstance.py:2076} INFO - Dependencies all met for dep_context=requeueable deps ti=<TaskInstance: Binance_ETL.transform_data manual__2024-07-04T02:50:37.342851+00:00 [queued]>
[2024-07-05T22:03:03.144+0000] {taskinstance.py:2306} INFO - Starting attempt 3 of 6
[2024-07-05T22:03:03.190+0000] {taskinstance.py:2330} INFO - Executing <Task(PythonOperator): transform_data> on 2024-07-04 02:50:37.342851+00:00
[2024-07-05T22:03:03.216+0000] {warnings.py:112} WARNING - /home/***/.local/lib/python3.12/site-packages/***/task/task_runner/standard_task_runner.py:61: DeprecationWarning: This process (pid=61) is multi-threaded, use of fork() may lead to deadlocks in the child.
  pid = os.fork()

[2024-07-05T22:03:03.222+0000] {standard_task_runner.py:63} INFO - Started process 69 to run task
[2024-07-05T22:03:03.227+0000] {standard_task_runner.py:90} INFO - Running: ['***', 'tasks', 'run', 'Binance_ETL', 'transform_data', 'manual__2024-07-04T02:50:37.342851+00:00', '--job-id', '46', '--raw', '--subdir', 'DAGS_FOLDER/main.py', '--cfg-path', '/tmp/tmp_iskf_0n']
[2024-07-05T22:03:03.234+0000] {standard_task_runner.py:91} INFO - Job 46: Subtask transform_data
[2024-07-05T22:03:03.299+0000] {task_command.py:426} INFO - Running <TaskInstance: Binance_ETL.transform_data manual__2024-07-04T02:50:37.342851+00:00 [running]> on host 857724e1ef46
[2024-07-05T22:03:03.445+0000] {taskinstance.py:2648} INFO - Exporting env vars: AIRFLOW_CTX_DAG_OWNER='Pabloing' AIRFLOW_CTX_DAG_ID='Binance_ETL' AIRFLOW_CTX_TASK_ID='transform_data' AIRFLOW_CTX_EXECUTION_DATE='2024-07-04T02:50:37.342851+00:00' AIRFLOW_CTX_TRY_NUMBER='3' AIRFLOW_CTX_DAG_RUN_ID='manual__2024-07-04T02:50:37.342851+00:00'
[2024-07-05T22:03:03.447+0000] {taskinstance.py:430} INFO - ::endgroup::
[2024-07-05T22:03:03.471+0000] {logging_mixin.py:188} INFO - transform_data_execution
[2024-07-05T22:03:03.471+0000] {taskinstance.py:441} INFO - ::group::Post task execution logs
[2024-07-05T22:03:03.472+0000] {taskinstance.py:2905} ERROR - Task failed with exception
Traceback (most recent call last):
  File "/home/airflow/.local/lib/python3.12/site-packages/airflow/models/taskinstance.py", line 465, in _execute_task
    result = _execute_callable(context=context, **execute_callable_kwargs)
             ^^^^^^^^^^^^^^^^^^^^^^^^^^^^^^^^^^^^^^^^^^^^^^^^^^^^^^^^^^^^^
  File "/home/airflow/.local/lib/python3.12/site-packages/airflow/models/taskinstance.py", line 432, in _execute_callable
    return execute_callable(context=context, **execute_callable_kwargs)
           ^^^^^^^^^^^^^^^^^^^^^^^^^^^^^^^^^^^^^^^^^^^^^^^^^^^^^^^^^^^^
  File "/home/airflow/.local/lib/python3.12/site-packages/airflow/models/baseoperator.py", line 401, in wrapper
    return func(self, *args, **kwargs)
           ^^^^^^^^^^^^^^^^^^^^^^^^^^^
  File "/home/airflow/.local/lib/python3.12/site-packages/airflow/operators/python.py", line 235, in execute
    return_value = self.execute_callable()
                   ^^^^^^^^^^^^^^^^^^^^^^^
  File "/home/airflow/.local/lib/python3.12/site-packages/airflow/operators/python.py", line 252, in execute_callable
    return self.python_callable(*self.op_args, **self.op_kwargs)
           ^^^^^^^^^^^^^^^^^^^^^^^^^^^^^^^^^^^^^^^^^^^^^^^^^^^^^
  File "/opt/airflow/dags/utils.py", line 34, in transform_data
    data = controller.transform(rawdata)
                                ^^^^^^^
NameError: name 'rawdata' is not defined
[2024-07-05T22:03:03.487+0000] {taskinstance.py:1206} INFO - Marking task as UP_FOR_RETRY. dag_id=Binance_ETL, task_id=transform_data, run_id=manual__2024-07-04T02:50:37.342851+00:00, execution_date=20240704T025037, start_date=20240705T220303, end_date=20240705T220303
[2024-07-05T22:03:03.504+0000] {standard_task_runner.py:110} ERROR - Failed to execute job 46 for task transform_data (name 'rawdata' is not defined; 69)
[2024-07-05T22:03:03.525+0000] {local_task_job_runner.py:240} INFO - Task exited with return code 1
[2024-07-05T22:03:03.615+0000] {taskinstance.py:3503} INFO - 0 downstream tasks scheduled from follow-on schedule check
[2024-07-05T22:03:03.623+0000] {local_task_job_runner.py:222} INFO - ::endgroup::
