[2024-07-05T22:08:06.054+0000] {local_task_job_runner.py:120} INFO - ::group::Pre task execution logs
[2024-07-05T22:08:06.089+0000] {taskinstance.py:2076} INFO - Dependencies all met for dep_context=non-requeueable deps ti=<TaskInstance: Binance_ETL.transform_data manual__2024-07-04T02:50:37.342851+00:00 [queued]>
[2024-07-05T22:08:06.103+0000] {taskinstance.py:2076} INFO - Dependencies all met for dep_context=requeueable deps ti=<TaskInstance: Binance_ETL.transform_data manual__2024-07-04T02:50:37.342851+00:00 [queued]>
[2024-07-05T22:08:06.103+0000] {taskinstance.py:2306} INFO - Starting attempt 4 of 6
[2024-07-05T22:08:06.140+0000] {taskinstance.py:2330} INFO - Executing <Task(PythonOperator): transform_data> on 2024-07-04 02:50:37.342851+00:00
[2024-07-05T22:08:06.149+0000] {warnings.py:112} WARNING - /home/***/.local/lib/python3.12/site-packages/***/task/task_runner/standard_task_runner.py:61: DeprecationWarning: This process (pid=135) is multi-threaded, use of fork() may lead to deadlocks in the child.
  pid = os.fork()

[2024-07-05T22:08:06.151+0000] {standard_task_runner.py:63} INFO - Started process 142 to run task
[2024-07-05T22:08:06.153+0000] {standard_task_runner.py:90} INFO - Running: ['***', 'tasks', 'run', 'Binance_ETL', 'transform_data', 'manual__2024-07-04T02:50:37.342851+00:00', '--job-id', '51', '--raw', '--subdir', 'DAGS_FOLDER/main.py', '--cfg-path', '/tmp/tmpgmuj5qrr']
[2024-07-05T22:08:06.156+0000] {standard_task_runner.py:91} INFO - Job 51: Subtask transform_data
[2024-07-05T22:08:06.223+0000] {task_command.py:426} INFO - Running <TaskInstance: Binance_ETL.transform_data manual__2024-07-04T02:50:37.342851+00:00 [running]> on host 857724e1ef46
[2024-07-05T22:08:06.413+0000] {taskinstance.py:2648} INFO - Exporting env vars: AIRFLOW_CTX_DAG_OWNER='Pabloing' AIRFLOW_CTX_DAG_ID='Binance_ETL' AIRFLOW_CTX_TASK_ID='transform_data' AIRFLOW_CTX_EXECUTION_DATE='2024-07-04T02:50:37.342851+00:00' AIRFLOW_CTX_TRY_NUMBER='4' AIRFLOW_CTX_DAG_RUN_ID='manual__2024-07-04T02:50:37.342851+00:00'
[2024-07-05T22:08:06.415+0000] {taskinstance.py:430} INFO - ::endgroup::
[2024-07-05T22:08:06.439+0000] {logging_mixin.py:188} INFO - transform_data_execution
[2024-07-05T22:08:06.439+0000] {taskinstance.py:441} INFO - ::group::Post task execution logs
[2024-07-05T22:08:06.439+0000] {taskinstance.py:2905} ERROR - Task failed with exception
Traceback (most recent call last):
  File "/home/airflow/.local/lib/python3.12/site-packages/airflow/models/taskinstance.py", line 465, in _execute_task
    result = _execute_callable(context=context, **execute_callable_kwargs)
             ^^^^^^^^^^^^^^^^^^^^^^^^^^^^^^^^^^^^^^^^^^^^^^^^^^^^^^^^^^^^^
  File "/home/airflow/.local/lib/python3.12/site-packages/airflow/models/taskinstance.py", line 432, in _execute_callable
    return execute_callable(context=context, **execute_callable_kwargs)
           ^^^^^^^^^^^^^^^^^^^^^^^^^^^^^^^^^^^^^^^^^^^^^^^^^^^^^^^^^^^^
  File "/home/airflow/.local/lib/python3.12/site-packages/airflow/models/baseoperator.py", line 401, in wrapper
    return func(self, *args, **kwargs)
           ^^^^^^^^^^^^^^^^^^^^^^^^^^^
  File "/home/airflow/.local/lib/python3.12/site-packages/airflow/operators/python.py", line 235, in execute
    return_value = self.execute_callable()
                   ^^^^^^^^^^^^^^^^^^^^^^^
  File "/home/airflow/.local/lib/python3.12/site-packages/airflow/operators/python.py", line 252, in execute_callable
    return self.python_callable(*self.op_args, **self.op_kwargs)
           ^^^^^^^^^^^^^^^^^^^^^^^^^^^^^^^^^^^^^^^^^^^^^^^^^^^^^
  File "/opt/airflow/dags/utils.py", line 34, in transform_data
    data = controller.transform(rawdata)
                                ^^^^^^^
NameError: name 'rawdata' is not defined
[2024-07-05T22:08:06.455+0000] {taskinstance.py:1206} INFO - Marking task as UP_FOR_RETRY. dag_id=Binance_ETL, task_id=transform_data, run_id=manual__2024-07-04T02:50:37.342851+00:00, execution_date=20240704T025037, start_date=20240705T220806, end_date=20240705T220806
[2024-07-05T22:08:06.483+0000] {standard_task_runner.py:110} ERROR - Failed to execute job 51 for task transform_data (name 'rawdata' is not defined; 142)
[2024-07-05T22:08:06.528+0000] {local_task_job_runner.py:240} INFO - Task exited with return code 1
[2024-07-05T22:08:06.564+0000] {taskinstance.py:3503} INFO - 0 downstream tasks scheduled from follow-on schedule check
[2024-07-05T22:08:06.567+0000] {local_task_job_runner.py:222} INFO - ::endgroup::
