[2024-07-04T02:29:35.224+0000] {local_task_job_runner.py:120} INFO - ::group::Pre task execution logs
[2024-07-04T02:29:35.269+0000] {taskinstance.py:2076} INFO - Dependencies all met for dep_context=non-requeueable deps ti=<TaskInstance: Binance_ETL.transform_data manual__2024-07-04T02:27:40.703630+00:00 [queued]>
[2024-07-04T02:29:35.283+0000] {taskinstance.py:2076} INFO - Dependencies all met for dep_context=requeueable deps ti=<TaskInstance: Binance_ETL.transform_data manual__2024-07-04T02:27:40.703630+00:00 [queued]>
[2024-07-04T02:29:35.284+0000] {taskinstance.py:2306} INFO - Starting attempt 1 of 6
[2024-07-04T02:29:35.390+0000] {taskinstance.py:2330} INFO - Executing <Task(PythonOperator): transform_data> on 2024-07-04 02:27:40.703630+00:00
[2024-07-04T02:29:35.431+0000] {warnings.py:112} WARNING - /home/***/.local/lib/python3.12/site-packages/***/task/task_runner/standard_task_runner.py:61: DeprecationWarning: This process (pid=70) is multi-threaded, use of fork() may lead to deadlocks in the child.
  pid = os.fork()

[2024-07-04T02:29:35.447+0000] {standard_task_runner.py:63} INFO - Started process 80 to run task
[2024-07-04T02:29:35.449+0000] {standard_task_runner.py:90} INFO - Running: ['***', 'tasks', 'run', 'Binance_ETL', 'transform_data', 'manual__2024-07-04T02:27:40.703630+00:00', '--job-id', '27', '--raw', '--subdir', 'DAGS_FOLDER/main.py', '--cfg-path', '/tmp/tmp1u06u_ey']
[2024-07-04T02:29:35.463+0000] {standard_task_runner.py:91} INFO - Job 27: Subtask transform_data
[2024-07-04T02:29:35.894+0000] {task_command.py:426} INFO - Running <TaskInstance: Binance_ETL.transform_data manual__2024-07-04T02:27:40.703630+00:00 [running]> on host 857724e1ef46
[2024-07-04T02:29:36.082+0000] {taskinstance.py:2648} INFO - Exporting env vars: AIRFLOW_CTX_DAG_OWNER='Pabloing' AIRFLOW_CTX_DAG_ID='Binance_ETL' AIRFLOW_CTX_TASK_ID='transform_data' AIRFLOW_CTX_EXECUTION_DATE='2024-07-04T02:27:40.703630+00:00' AIRFLOW_CTX_TRY_NUMBER='1' AIRFLOW_CTX_DAG_RUN_ID='manual__2024-07-04T02:27:40.703630+00:00'
[2024-07-04T02:29:36.084+0000] {taskinstance.py:430} INFO - ::endgroup::
[2024-07-04T02:29:36.107+0000] {logging_mixin.py:188} INFO - transform_data_execution
[2024-07-04T02:29:36.108+0000] {python.py:237} INFO - Done. Returned value was: None
[2024-07-04T02:29:36.108+0000] {taskinstance.py:441} INFO - ::group::Post task execution logs
[2024-07-04T02:29:36.122+0000] {taskinstance.py:1206} INFO - Marking task as SUCCESS. dag_id=Binance_ETL, task_id=transform_data, run_id=manual__2024-07-04T02:27:40.703630+00:00, execution_date=20240704T022740, start_date=20240704T022935, end_date=20240704T022936
[2024-07-04T02:29:36.170+0000] {local_task_job_runner.py:240} INFO - Task exited with return code 0
[2024-07-04T02:29:36.206+0000] {taskinstance.py:3503} INFO - 0 downstream tasks scheduled from follow-on schedule check
[2024-07-04T02:29:36.207+0000] {local_task_job_runner.py:222} INFO - ::endgroup::
