[2024-07-05T23:10:58.440+0000] {local_task_job_runner.py:120} INFO - ::group::Pre task execution logs
[2024-07-05T23:10:58.472+0000] {taskinstance.py:2076} INFO - Dependencies all met for dep_context=non-requeueable deps ti=<TaskInstance: Binance_ETL.load_data manual__2024-07-05T23:10:47.490365+00:00 [queued]>
[2024-07-05T23:10:58.487+0000] {taskinstance.py:2076} INFO - Dependencies all met for dep_context=requeueable deps ti=<TaskInstance: Binance_ETL.load_data manual__2024-07-05T23:10:47.490365+00:00 [queued]>
[2024-07-05T23:10:58.487+0000] {taskinstance.py:2306} INFO - Starting attempt 1 of 6
[2024-07-05T23:10:58.533+0000] {taskinstance.py:2330} INFO - Executing <Task(PythonOperator): load_data> on 2024-07-05 23:10:47.490365+00:00
[2024-07-05T23:10:58.540+0000] {warnings.py:112} WARNING - /home/***/.local/lib/python3.12/site-packages/***/task/task_runner/standard_task_runner.py:61: DeprecationWarning: This process (pid=1018) is multi-threaded, use of fork() may lead to deadlocks in the child.
  pid = os.fork()

[2024-07-05T23:10:58.541+0000] {standard_task_runner.py:63} INFO - Started process 1021 to run task
[2024-07-05T23:10:58.543+0000] {standard_task_runner.py:90} INFO - Running: ['***', 'tasks', 'run', 'Binance_ETL', 'load_data', 'manual__2024-07-05T23:10:47.490365+00:00', '--job-id', '85', '--raw', '--subdir', 'DAGS_FOLDER/main.py', '--cfg-path', '/tmp/tmpgflonr8r']
[2024-07-05T23:10:58.550+0000] {standard_task_runner.py:91} INFO - Job 85: Subtask load_data
[2024-07-05T23:10:58.600+0000] {task_command.py:426} INFO - Running <TaskInstance: Binance_ETL.load_data manual__2024-07-05T23:10:47.490365+00:00 [running]> on host 857724e1ef46
[2024-07-05T23:10:58.763+0000] {taskinstance.py:2648} INFO - Exporting env vars: AIRFLOW_CTX_DAG_OWNER='Pabloing' AIRFLOW_CTX_DAG_ID='Binance_ETL' AIRFLOW_CTX_TASK_ID='load_data' AIRFLOW_CTX_EXECUTION_DATE='2024-07-05T23:10:47.490365+00:00' AIRFLOW_CTX_TRY_NUMBER='1' AIRFLOW_CTX_DAG_RUN_ID='manual__2024-07-05T23:10:47.490365+00:00'
[2024-07-05T23:10:58.764+0000] {taskinstance.py:430} INFO - ::endgroup::
[2024-07-05T23:10:58.783+0000] {logging_mixin.py:188} INFO - load_data_execution
[2024-07-05T23:10:58.785+0000] {logging_mixin.py:188} INFO - Error in get_data: [Errno 2] No such file or directory: 'processed_data/clean_data.csv'
[2024-07-05T23:10:58.785+0000] {classes.py:109} ERROR - Cant execute the load: 'NoneType' object has no attribute 'to_sql'
[2024-07-05T23:10:58.785+0000] {logging_mixin.py:188} INFO - cambios
[2024-07-05T23:10:58.786+0000] {python.py:237} INFO - Done. Returned value was: None
[2024-07-05T23:10:58.786+0000] {taskinstance.py:441} INFO - ::group::Post task execution logs
[2024-07-05T23:10:58.798+0000] {taskinstance.py:1206} INFO - Marking task as SUCCESS. dag_id=Binance_ETL, task_id=load_data, run_id=manual__2024-07-05T23:10:47.490365+00:00, execution_date=20240705T231047, start_date=20240705T231058, end_date=20240705T231058
[2024-07-05T23:10:58.876+0000] {local_task_job_runner.py:240} INFO - Task exited with return code 0
[2024-07-05T23:10:58.904+0000] {taskinstance.py:3503} INFO - 0 downstream tasks scheduled from follow-on schedule check
[2024-07-05T23:10:58.932+0000] {local_task_job_runner.py:222} INFO - ::endgroup::
