[2024-07-04T02:29:38.018+0000] {local_task_job_runner.py:120} INFO - ::group::Pre task execution logs
[2024-07-04T02:29:38.044+0000] {taskinstance.py:2076} INFO - Dependencies all met for dep_context=non-requeueable deps ti=<TaskInstance: Binance_ETL.load_data manual__2024-07-04T02:26:50.389368+00:00 [queued]>
[2024-07-04T02:29:38.054+0000] {taskinstance.py:2076} INFO - Dependencies all met for dep_context=requeueable deps ti=<TaskInstance: Binance_ETL.load_data manual__2024-07-04T02:26:50.389368+00:00 [queued]>
[2024-07-04T02:29:38.055+0000] {taskinstance.py:2306} INFO - Starting attempt 1 of 6
[2024-07-04T02:29:38.075+0000] {taskinstance.py:2330} INFO - Executing <Task(PythonOperator): load_data> on 2024-07-04 02:26:50.389368+00:00
[2024-07-04T02:29:38.085+0000] {warnings.py:112} WARNING - /home/***/.local/lib/python3.12/site-packages/***/task/task_runner/standard_task_runner.py:61: DeprecationWarning: This process (pid=82) is multi-threaded, use of fork() may lead to deadlocks in the child.
  pid = os.fork()

[2024-07-04T02:29:38.086+0000] {standard_task_runner.py:63} INFO - Started process 92 to run task
[2024-07-04T02:29:38.087+0000] {standard_task_runner.py:90} INFO - Running: ['***', 'tasks', 'run', 'Binance_ETL', 'load_data', 'manual__2024-07-04T02:26:50.389368+00:00', '--job-id', '29', '--raw', '--subdir', 'DAGS_FOLDER/main.py', '--cfg-path', '/tmp/tmp7y14es37']
[2024-07-04T02:29:38.090+0000] {standard_task_runner.py:91} INFO - Job 29: Subtask load_data
[2024-07-04T02:29:38.147+0000] {task_command.py:426} INFO - Running <TaskInstance: Binance_ETL.load_data manual__2024-07-04T02:26:50.389368+00:00 [running]> on host 857724e1ef46
[2024-07-04T02:29:38.283+0000] {taskinstance.py:2648} INFO - Exporting env vars: AIRFLOW_CTX_DAG_OWNER='Pabloing' AIRFLOW_CTX_DAG_ID='Binance_ETL' AIRFLOW_CTX_TASK_ID='load_data' AIRFLOW_CTX_EXECUTION_DATE='2024-07-04T02:26:50.389368+00:00' AIRFLOW_CTX_TRY_NUMBER='1' AIRFLOW_CTX_DAG_RUN_ID='manual__2024-07-04T02:26:50.389368+00:00'
[2024-07-04T02:29:38.284+0000] {taskinstance.py:430} INFO - ::endgroup::
[2024-07-04T02:29:38.305+0000] {logging_mixin.py:188} INFO - load_data_execution
[2024-07-04T02:29:38.305+0000] {python.py:237} INFO - Done. Returned value was: None
[2024-07-04T02:29:38.306+0000] {taskinstance.py:441} INFO - ::group::Post task execution logs
[2024-07-04T02:29:38.318+0000] {taskinstance.py:1206} INFO - Marking task as SUCCESS. dag_id=Binance_ETL, task_id=load_data, run_id=manual__2024-07-04T02:26:50.389368+00:00, execution_date=20240704T022650, start_date=20240704T022938, end_date=20240704T022938
[2024-07-04T02:29:38.383+0000] {local_task_job_runner.py:240} INFO - Task exited with return code 0
[2024-07-04T02:29:38.401+0000] {taskinstance.py:3503} INFO - 0 downstream tasks scheduled from follow-on schedule check
[2024-07-04T02:29:38.403+0000] {local_task_job_runner.py:222} INFO - ::endgroup::
