[2024-07-05T22:03:03.098+0000] {local_task_job_runner.py:120} INFO - ::group::Pre task execution logs
[2024-07-05T22:03:03.131+0000] {taskinstance.py:2076} INFO - Dependencies all met for dep_context=non-requeueable deps ti=<TaskInstance: Binance_ETL.extract_data scheduled__2024-07-04T00:00:00+00:00 [queued]>
[2024-07-05T22:03:03.143+0000] {taskinstance.py:2076} INFO - Dependencies all met for dep_context=requeueable deps ti=<TaskInstance: Binance_ETL.extract_data scheduled__2024-07-04T00:00:00+00:00 [queued]>
[2024-07-05T22:03:03.143+0000] {taskinstance.py:2306} INFO - Starting attempt 1 of 6
[2024-07-05T22:03:03.179+0000] {taskinstance.py:2330} INFO - Executing <Task(PythonOperator): extract_data> on 2024-07-04 00:00:00+00:00
[2024-07-05T22:03:03.204+0000] {warnings.py:112} WARNING - /home/***/.local/lib/python3.12/site-packages/***/task/task_runner/standard_task_runner.py:61: DeprecationWarning: This process (pid=59) is multi-threaded, use of fork() may lead to deadlocks in the child.
  pid = os.fork()

[2024-07-05T22:03:03.210+0000] {standard_task_runner.py:63} INFO - Started process 68 to run task
[2024-07-05T22:03:03.212+0000] {standard_task_runner.py:90} INFO - Running: ['***', 'tasks', 'run', 'Binance_ETL', 'extract_data', 'scheduled__2024-07-04T00:00:00+00:00', '--job-id', '47', '--raw', '--subdir', 'DAGS_FOLDER/main.py', '--cfg-path', '/tmp/tmp15izc9qp']
[2024-07-05T22:03:03.236+0000] {standard_task_runner.py:91} INFO - Job 47: Subtask extract_data
[2024-07-05T22:03:03.304+0000] {task_command.py:426} INFO - Running <TaskInstance: Binance_ETL.extract_data scheduled__2024-07-04T00:00:00+00:00 [running]> on host 857724e1ef46
[2024-07-05T22:03:03.441+0000] {taskinstance.py:2648} INFO - Exporting env vars: AIRFLOW_CTX_DAG_OWNER='Pabloing' AIRFLOW_CTX_DAG_ID='Binance_ETL' AIRFLOW_CTX_TASK_ID='extract_data' AIRFLOW_CTX_EXECUTION_DATE='2024-07-04T00:00:00+00:00' AIRFLOW_CTX_TRY_NUMBER='1' AIRFLOW_CTX_DAG_RUN_ID='scheduled__2024-07-04T00:00:00+00:00'
[2024-07-05T22:03:03.443+0000] {taskinstance.py:430} INFO - ::endgroup::
[2024-07-05T22:03:03.467+0000] {logging_mixin.py:188} INFO - exctract_data_execution
[2024-07-05T22:03:04.225+0000] {classes.py:23} INFO - the API connection has been established
[2024-07-05T22:03:05.665+0000] {logging_mixin.py:188} INFO - [[1720137600000, '57050.02000000', '57546.00000000', '53485.93000000', '56475.59000000', '79965.07503000', 1720223999999, '4436638773.39956960', 3664153, '37297.07444000', '2068992706.63696000', '0']]
[2024-07-05T22:03:05.666+0000] {logging_mixin.py:188} INFO - cambios
[2024-07-05T22:03:05.669+0000] {python.py:237} INFO - Done. Returned value was: None
[2024-07-05T22:03:05.671+0000] {taskinstance.py:441} INFO - ::group::Post task execution logs
[2024-07-05T22:03:05.696+0000] {taskinstance.py:1206} INFO - Marking task as SUCCESS. dag_id=Binance_ETL, task_id=extract_data, run_id=scheduled__2024-07-04T00:00:00+00:00, execution_date=20240704T000000, start_date=20240705T220303, end_date=20240705T220305
[2024-07-05T22:03:05.799+0000] {local_task_job_runner.py:240} INFO - Task exited with return code 0
[2024-07-05T22:03:05.838+0000] {taskinstance.py:3503} INFO - 1 downstream tasks scheduled from follow-on schedule check
[2024-07-05T22:03:05.839+0000] {local_task_job_runner.py:222} INFO - ::endgroup::
